<?xml version="1.0" encoding="ISO-8859-1" ?>
<link_info>
   <banner>MSP430 Linker PC v18.1.1.LTS</banner>
   <copyright>Copyright (c) 2003-2017 Texas Instruments Incorporated</copyright>
   <link_time>0x5c16d3a2</link_time>
   <link_errors>0x0</link_errors>
   <output_file>finalProject.out</output_file>
   <entry_point>
      <name>_c_int00_noargs</name>
      <address>0x9808</address>
   </entry_point>
   <input_file_list>
      <input_file id="fl-2">
         <path>.\</path>
         <kind>object</kind>
         <file>UARTFuncs.obj</file>
         <name>UARTFuncs.obj</name>
      </input_file>
      <input_file id="fl-3">
         <path>.\</path>
         <kind>object</kind>
         <file>user_finalProjectCommunication.obj</file>
         <name>user_finalProjectCommunication.obj</name>
      </input_file>
      <input_file id="fl-8">
         <kind>object</kind>
         <file>&lt;internal&gt;</file>
         <name>&lt;internal&gt;</name>
      </input_file>
      <input_file id="fl-1e">
         <path>C:\CCStudio_v8\ccsv8\tools\compiler\ti-cgt-msp430_18.1.1.LTS\lib\</path>
         <kind>archive</kind>
         <file>rts430_eabi.lib</file>
         <name>asr16.asm.obj</name>
      </input_file>
      <input_file id="fl-1f">
         <path>C:\CCStudio_v8\ccsv8\tools\compiler\ti-cgt-msp430_18.1.1.LTS\lib\</path>
         <kind>archive</kind>
         <file>rts430_eabi.lib</file>
         <name>div16s.asm.obj</name>
      </input_file>
      <input_file id="fl-20">
         <path>C:\CCStudio_v8\ccsv8\tools\compiler\ti-cgt-msp430_18.1.1.LTS\lib\</path>
         <kind>archive</kind>
         <file>rts430_eabi.lib</file>
         <name>div16u.asm.obj</name>
      </input_file>
      <input_file id="fl-21">
         <path>C:\CCStudio_v8\ccsv8\tools\compiler\ti-cgt-msp430_18.1.1.LTS\lib\</path>
         <kind>archive</kind>
         <file>rts430_eabi.lib</file>
         <name>div32s.asm.obj</name>
      </input_file>
      <input_file id="fl-22">
         <path>C:\CCStudio_v8\ccsv8\tools\compiler\ti-cgt-msp430_18.1.1.LTS\lib\</path>
         <kind>archive</kind>
         <file>rts430_eabi.lib</file>
         <name>div32u.asm.obj</name>
      </input_file>
      <input_file id="fl-23">
         <path>C:\CCStudio_v8\ccsv8\tools\compiler\ti-cgt-msp430_18.1.1.LTS\lib\</path>
         <kind>archive</kind>
         <file>rts430_eabi.lib</file>
         <name>epilog.asm.obj</name>
      </input_file>
      <input_file id="fl-24">
         <path>C:\CCStudio_v8\ccsv8\tools\compiler\ti-cgt-msp430_18.1.1.LTS\lib\</path>
         <kind>archive</kind>
         <file>rts430_eabi.lib</file>
         <name>fs_add.asm.obj</name>
      </input_file>
      <input_file id="fl-25">
         <path>C:\CCStudio_v8\ccsv8\tools\compiler\ti-cgt-msp430_18.1.1.LTS\lib\</path>
         <kind>archive</kind>
         <file>rts430_eabi.lib</file>
         <name>fs_cmp.asm.obj</name>
      </input_file>
      <input_file id="fl-26">
         <path>C:\CCStudio_v8\ccsv8\tools\compiler\ti-cgt-msp430_18.1.1.LTS\lib\</path>
         <kind>archive</kind>
         <file>rts430_eabi.lib</file>
         <name>fs_itof.asm.obj</name>
      </input_file>
      <input_file id="fl-27">
         <path>C:\CCStudio_v8\ccsv8\tools\compiler\ti-cgt-msp430_18.1.1.LTS\lib\</path>
         <kind>archive</kind>
         <file>rts430_eabi.lib</file>
         <name>fs_mpy.asm.obj</name>
      </input_file>
      <input_file id="fl-28">
         <path>C:\CCStudio_v8\ccsv8\tools\compiler\ti-cgt-msp430_18.1.1.LTS\lib\</path>
         <kind>archive</kind>
         <file>rts430_eabi.lib</file>
         <name>fs_toi.asm.obj</name>
      </input_file>
      <input_file id="fl-29">
         <path>C:\CCStudio_v8\ccsv8\tools\compiler\ti-cgt-msp430_18.1.1.LTS\lib\</path>
         <kind>archive</kind>
         <file>rts430_eabi.lib</file>
         <name>int02.asm.obj</name>
      </input_file>
      <input_file id="fl-2a">
         <path>C:\CCStudio_v8\ccsv8\tools\compiler\ti-cgt-msp430_18.1.1.LTS\lib\</path>
         <kind>archive</kind>
         <file>rts430_eabi.lib</file>
         <name>int03.asm.obj</name>
      </input_file>
      <input_file id="fl-2b">
         <path>C:\CCStudio_v8\ccsv8\tools\compiler\ti-cgt-msp430_18.1.1.LTS\lib\</path>
         <kind>archive</kind>
         <file>rts430_eabi.lib</file>
         <name>int08.asm.obj</name>
      </input_file>
      <input_file id="fl-2c">
         <path>C:\CCStudio_v8\ccsv8\tools\compiler\ti-cgt-msp430_18.1.1.LTS\lib\</path>
         <kind>archive</kind>
         <file>rts430_eabi.lib</file>
         <name>int10.asm.obj</name>
      </input_file>
      <input_file id="fl-2d">
         <path>C:\CCStudio_v8\ccsv8\tools\compiler\ti-cgt-msp430_18.1.1.LTS\lib\</path>
         <kind>archive</kind>
         <file>rts430_eabi.lib</file>
         <name>int12.asm.obj</name>
      </input_file>
      <input_file id="fl-2e">
         <path>C:\CCStudio_v8\ccsv8\tools\compiler\ti-cgt-msp430_18.1.1.LTS\lib\</path>
         <kind>archive</kind>
         <file>rts430_eabi.lib</file>
         <name>int13.asm.obj</name>
      </input_file>
      <input_file id="fl-2f">
         <path>C:\CCStudio_v8\ccsv8\tools\compiler\ti-cgt-msp430_18.1.1.LTS\lib\</path>
         <kind>archive</kind>
         <file>rts430_eabi.lib</file>
         <name>int14.asm.obj</name>
      </input_file>
      <input_file id="fl-30">
         <path>C:\CCStudio_v8\ccsv8\tools\compiler\ti-cgt-msp430_18.1.1.LTS\lib\</path>
         <kind>archive</kind>
         <file>rts430_eabi.lib</file>
         <name>isr_trap.asm.obj</name>
      </input_file>
      <input_file id="fl-31">
         <path>C:\CCStudio_v8\ccsv8\tools\compiler\ti-cgt-msp430_18.1.1.LTS\lib\</path>
         <kind>archive</kind>
         <file>rts430_eabi.lib</file>
         <name>lsl16.asm.obj</name>
      </input_file>
      <input_file id="fl-32">
         <path>C:\CCStudio_v8\ccsv8\tools\compiler\ti-cgt-msp430_18.1.1.LTS\lib\</path>
         <kind>archive</kind>
         <file>rts430_eabi.lib</file>
         <name>lsl32.asm.obj</name>
      </input_file>
      <input_file id="fl-33">
         <path>C:\CCStudio_v8\ccsv8\tools\compiler\ti-cgt-msp430_18.1.1.LTS\lib\</path>
         <kind>archive</kind>
         <file>rts430_eabi.lib</file>
         <name>lsr16.asm.obj</name>
      </input_file>
      <input_file id="fl-34">
         <path>C:\CCStudio_v8\ccsv8\tools\compiler\ti-cgt-msp430_18.1.1.LTS\lib\</path>
         <kind>archive</kind>
         <file>rts430_eabi.lib</file>
         <name>lsr32.asm.obj</name>
      </input_file>
      <input_file id="fl-35">
         <path>C:\CCStudio_v8\ccsv8\tools\compiler\ti-cgt-msp430_18.1.1.LTS\lib\</path>
         <kind>archive</kind>
         <file>rts430_eabi.lib</file>
         <name>mult32.asm.obj</name>
      </input_file>
      <input_file id="fl-36">
         <path>C:\CCStudio_v8\ccsv8\tools\compiler\ti-cgt-msp430_18.1.1.LTS\lib\</path>
         <kind>archive</kind>
         <file>rts430_eabi.lib</file>
         <name>boot.c.obj</name>
      </input_file>
      <input_file id="fl-37">
         <path>C:\CCStudio_v8\ccsv8\tools\compiler\ti-cgt-msp430_18.1.1.LTS\lib\</path>
         <kind>archive</kind>
         <file>rts430_eabi.lib</file>
         <name>autoinit.c.obj</name>
      </input_file>
      <input_file id="fl-38">
         <path>C:\CCStudio_v8\ccsv8\tools\compiler\ti-cgt-msp430_18.1.1.LTS\lib\</path>
         <kind>archive</kind>
         <file>rts430_eabi.lib</file>
         <name>copy_zero_init.c.obj</name>
      </input_file>
      <input_file id="fl-39">
         <path>C:\CCStudio_v8\ccsv8\tools\compiler\ti-cgt-msp430_18.1.1.LTS\lib\</path>
         <kind>archive</kind>
         <file>rts430_eabi.lib</file>
         <name>cpy_tbl.c.obj</name>
      </input_file>
      <input_file id="fl-3a">
         <path>C:\CCStudio_v8\ccsv8\tools\compiler\ti-cgt-msp430_18.1.1.LTS\lib\</path>
         <kind>archive</kind>
         <file>rts430_eabi.lib</file>
         <name>mpu_init.c.obj</name>
      </input_file>
      <input_file id="fl-3b">
         <path>C:\CCStudio_v8\ccsv8\tools\compiler\ti-cgt-msp430_18.1.1.LTS\lib\</path>
         <kind>archive</kind>
         <file>rts430_eabi.lib</file>
         <name>pre_init.c.obj</name>
      </input_file>
      <input_file id="fl-3c">
         <path>C:\CCStudio_v8\ccsv8\tools\compiler\ti-cgt-msp430_18.1.1.LTS\lib\</path>
         <kind>archive</kind>
         <file>rts430_eabi.lib</file>
         <name>startup.c.obj</name>
      </input_file>
      <input_file id="fl-3d">
         <path>C:\CCStudio_v8\ccsv8\tools\compiler\ti-cgt-msp430_18.1.1.LTS\lib\</path>
         <kind>archive</kind>
         <file>rts430_eabi.lib</file>
         <name>copy_decompress_none.c.obj</name>
      </input_file>
      <input_file id="fl-3e">
         <path>C:\CCStudio_v8\ccsv8\tools\compiler\ti-cgt-msp430_18.1.1.LTS\lib\</path>
         <kind>archive</kind>
         <file>rts430_eabi.lib</file>
         <name>copy_decompress_lzss.c.obj</name>
      </input_file>
      <input_file id="fl-3f">
         <path>C:\CCStudio_v8\ccsv8\tools\compiler\ti-cgt-msp430_18.1.1.LTS\lib\</path>
         <kind>archive</kind>
         <file>rts430_eabi.lib</file>
         <name>divd.c.obj</name>
      </input_file>
      <input_file id="fl-40">
         <path>C:\CCStudio_v8\ccsv8\tools\compiler\ti-cgt-msp430_18.1.1.LTS\lib\</path>
         <kind>archive</kind>
         <file>rts430_eabi.lib</file>
         <name>fltuld.c.obj</name>
      </input_file>
      <input_file id="fl-41">
         <path>C:\CCStudio_v8\ccsv8\tools\compiler\ti-cgt-msp430_18.1.1.LTS\lib\</path>
         <kind>archive</kind>
         <file>rts430_eabi.lib</file>
         <name>frcdivd.c.obj</name>
      </input_file>
      <input_file id="fl-42">
         <path>C:\CCStudio_v8\ccsv8\tools\compiler\ti-cgt-msp430_18.1.1.LTS\lib\</path>
         <kind>archive</kind>
         <file>rts430_eabi.lib</file>
         <name>cvtdf.c.obj</name>
      </input_file>
      <input_file id="fl-43">
         <path>C:\CCStudio_v8\ccsv8\tools\compiler\ti-cgt-msp430_18.1.1.LTS\lib\</path>
         <kind>archive</kind>
         <file>rts430_eabi.lib</file>
         <name>exit.c.obj</name>
      </input_file>
      <input_file id="fl-44">
         <path>C:\CCStudio_v8\ccsv8\tools\compiler\ti-cgt-msp430_18.1.1.LTS\lib\</path>
         <kind>archive</kind>
         <file>rts430_eabi.lib</file>
         <name>_lock.c.obj</name>
      </input_file>
      <input_file id="fl-45">
         <path>C:\CCStudio_v8\ccsv8\tools\compiler\ti-cgt-msp430_18.1.1.LTS\lib\</path>
         <kind>archive</kind>
         <file>rts430_eabi.lib</file>
         <name>args_main.c.obj</name>
      </input_file>
      <input_file id="fl-46">
         <path>C:\CCStudio_v8\ccsv8\tools\compiler\ti-cgt-msp430_18.1.1.LTS\lib\</path>
         <kind>archive</kind>
         <file>rts430_eabi.lib</file>
         <name>memcpy.c.obj</name>
      </input_file>
      <input_file id="fl-47">
         <path>C:\CCStudio_v8\ccsv8\tools\compiler\ti-cgt-msp430_18.1.1.LTS\lib\</path>
         <kind>archive</kind>
         <file>rts430_eabi.lib</file>
         <name>vsprintf.c.obj</name>
      </input_file>
      <input_file id="fl-48">
         <path>C:\CCStudio_v8\ccsv8\tools\compiler\ti-cgt-msp430_18.1.1.LTS\lib\</path>
         <kind>archive</kind>
         <file>rts430_eabi.lib</file>
         <name>asr32.asm.obj</name>
      </input_file>
      <input_file id="fl-49">
         <path>C:\CCStudio_v8\ccsv8\tools\compiler\ti-cgt-msp430_18.1.1.LTS\lib\</path>
         <kind>archive</kind>
         <file>rts430_eabi.lib</file>
         <name>mult16.asm.obj</name>
      </input_file>
      <input_file id="fl-4a">
         <path>C:\CCStudio_v8\ccsv8\tools\compiler\ti-cgt-msp430_18.1.1.LTS\lib\</path>
         <kind>archive</kind>
         <file>rts430_eabi.lib</file>
         <name>exit_gvars.c.obj</name>
      </input_file>
      <input_file id="fl-4b">
         <path>C:\CCStudio_v8\ccsv8\tools\compiler\ti-cgt-msp430_18.1.1.LTS\lib\</path>
         <kind>archive</kind>
         <file>rts430_eabi.lib</file>
         <name>lsr64.c.obj</name>
      </input_file>
      <input_file id="fl-4c">
         <path>C:\CCStudio_v8\ccsv8\tools\compiler\ti-cgt-msp430_18.1.1.LTS\lib\</path>
         <kind>archive</kind>
         <file>rts430_eabi.lib</file>
         <name>_printfi.c.obj</name>
      </input_file>
      <input_file id="fl-4d">
         <path>C:\CCStudio_v8\ccsv8\tools\compiler\ti-cgt-msp430_18.1.1.LTS\lib\</path>
         <kind>archive</kind>
         <file>rts430_eabi.lib</file>
         <name>atoi.c.obj</name>
      </input_file>
      <input_file id="fl-4e">
         <path>C:\CCStudio_v8\ccsv8\tools\compiler\ti-cgt-msp430_18.1.1.LTS\lib\</path>
         <kind>archive</kind>
         <file>rts430_eabi.lib</file>
         <name>ctype.c.obj</name>
      </input_file>
      <input_file id="fl-4f">
         <path>C:\CCStudio_v8\ccsv8\tools\compiler\ti-cgt-msp430_18.1.1.LTS\lib\</path>
         <kind>archive</kind>
         <file>rts430_eabi.lib</file>
         <name>ltoa.c.obj</name>
      </input_file>
      <input_file id="fl-50">
         <path>C:\CCStudio_v8\ccsv8\tools\compiler\ti-cgt-msp430_18.1.1.LTS\lib\</path>
         <kind>archive</kind>
         <file>rts430_eabi.lib</file>
         <name>memccpy.c.obj</name>
      </input_file>
      <input_file id="fl-51">
         <path>C:\CCStudio_v8\ccsv8\tools\compiler\ti-cgt-msp430_18.1.1.LTS\lib\</path>
         <kind>archive</kind>
         <file>rts430_eabi.lib</file>
         <name>memset.c.obj</name>
      </input_file>
      <input_file id="fl-52">
         <path>C:\CCStudio_v8\ccsv8\tools\compiler\ti-cgt-msp430_18.1.1.LTS\lib\</path>
         <kind>archive</kind>
         <file>rts430_eabi.lib</file>
         <name>strchr.c.obj</name>
      </input_file>
      <input_file id="fl-53">
         <path>C:\CCStudio_v8\ccsv8\tools\compiler\ti-cgt-msp430_18.1.1.LTS\lib\</path>
         <kind>archive</kind>
         <file>rts430_eabi.lib</file>
         <name>strlen.c.obj</name>
      </input_file>
      <input_file id="fl-54">
         <path>C:\CCStudio_v8\ccsv8\tools\compiler\ti-cgt-msp430_18.1.1.LTS\lib\</path>
         <kind>archive</kind>
         <file>rts430_eabi.lib</file>
         <name>toupper.c.obj</name>
      </input_file>
      <input_file id="fl-55">
         <path>C:\CCStudio_v8\ccsv8\tools\compiler\ti-cgt-msp430_18.1.1.LTS\lib\</path>
         <kind>archive</kind>
         <file>rts430_eabi.lib</file>
         <name>wcslen.c.obj</name>
      </input_file>
      <input_file id="fl-56">
         <path>C:\CCStudio_v8\ccsv8\tools\compiler\ti-cgt-msp430_18.1.1.LTS\lib\</path>
         <kind>archive</kind>
         <file>rts430_eabi.lib</file>
         <name>s_frexp.c.obj</name>
      </input_file>
      <input_file id="fl-57">
         <path>C:\CCStudio_v8\ccsv8\tools\compiler\ti-cgt-msp430_18.1.1.LTS\lib\</path>
         <kind>archive</kind>
         <file>rts430_eabi.lib</file>
         <name>s_scalbn.c.obj</name>
      </input_file>
      <input_file id="fl-58">
         <path>C:\CCStudio_v8\ccsv8\tools\compiler\ti-cgt-msp430_18.1.1.LTS\lib\</path>
         <kind>archive</kind>
         <file>rts430_eabi.lib</file>
         <name>s_copysign.c.obj</name>
      </input_file>
      <input_file id="fl-59">
         <path>C:\CCStudio_v8\ccsv8\tools\compiler\ti-cgt-msp430_18.1.1.LTS\lib\</path>
         <kind>archive</kind>
         <file>rts430_eabi.lib</file>
         <name>div64u.c.obj</name>
      </input_file>
      <input_file id="fl-5a">
         <path>C:\CCStudio_v8\ccsv8\tools\compiler\ti-cgt-msp430_18.1.1.LTS\lib\</path>
         <kind>archive</kind>
         <file>rts430_eabi.lib</file>
         <name>addd.c.obj</name>
      </input_file>
      <input_file id="fl-5b">
         <path>C:\CCStudio_v8\ccsv8\tools\compiler\ti-cgt-msp430_18.1.1.LTS\lib\</path>
         <kind>archive</kind>
         <file>rts430_eabi.lib</file>
         <name>cmpd.c.obj</name>
      </input_file>
      <input_file id="fl-5c">
         <path>C:\CCStudio_v8\ccsv8\tools\compiler\ti-cgt-msp430_18.1.1.LTS\lib\</path>
         <kind>archive</kind>
         <file>rts430_eabi.lib</file>
         <name>fixdi.c.obj</name>
      </input_file>
      <input_file id="fl-5d">
         <path>C:\CCStudio_v8\ccsv8\tools\compiler\ti-cgt-msp430_18.1.1.LTS\lib\</path>
         <kind>archive</kind>
         <file>rts430_eabi.lib</file>
         <name>fixdli.c.obj</name>
      </input_file>
      <input_file id="fl-5e">
         <path>C:\CCStudio_v8\ccsv8\tools\compiler\ti-cgt-msp430_18.1.1.LTS\lib\</path>
         <kind>archive</kind>
         <file>rts430_eabi.lib</file>
         <name>fltid.c.obj</name>
      </input_file>
      <input_file id="fl-5f">
         <path>C:\CCStudio_v8\ccsv8\tools\compiler\ti-cgt-msp430_18.1.1.LTS\lib\</path>
         <kind>archive</kind>
         <file>rts430_eabi.lib</file>
         <name>fltlid.c.obj</name>
      </input_file>
      <input_file id="fl-60">
         <path>C:\CCStudio_v8\ccsv8\tools\compiler\ti-cgt-msp430_18.1.1.LTS\lib\</path>
         <kind>archive</kind>
         <file>rts430_eabi.lib</file>
         <name>frcaddd.c.obj</name>
      </input_file>
      <input_file id="fl-61">
         <path>C:\CCStudio_v8\ccsv8\tools\compiler\ti-cgt-msp430_18.1.1.LTS\lib\</path>
         <kind>archive</kind>
         <file>rts430_eabi.lib</file>
         <name>mpyd.c.obj</name>
      </input_file>
      <input_file id="fl-62">
         <path>C:\CCStudio_v8\ccsv8\tools\compiler\ti-cgt-msp430_18.1.1.LTS\lib\</path>
         <kind>archive</kind>
         <file>rts430_eabi.lib</file>
         <name>negd.c.obj</name>
      </input_file>
      <input_file id="fl-63">
         <path>C:\CCStudio_v8\ccsv8\tools\compiler\ti-cgt-msp430_18.1.1.LTS\lib\</path>
         <kind>archive</kind>
         <file>rts430_eabi.lib</file>
         <name>renormd.c.obj</name>
      </input_file>
      <input_file id="fl-64">
         <path>C:\CCStudio_v8\ccsv8\tools\compiler\ti-cgt-msp430_18.1.1.LTS\lib\</path>
         <kind>archive</kind>
         <file>rts430_eabi.lib</file>
         <name>subd.c.obj</name>
      </input_file>
      <input_file id="fl-65">
         <path>C:\CCStudio_v8\ccsv8\tools\compiler\ti-cgt-msp430_18.1.1.LTS\lib\</path>
         <kind>archive</kind>
         <file>rts430_eabi.lib</file>
         <name>errno.c.obj</name>
      </input_file>
      <input_file id="fl-66">
         <path>C:\CCStudio_v8\ccsv8\tools\compiler\ti-cgt-msp430_18.1.1.LTS\lib\</path>
         <kind>archive</kind>
         <file>rts430_eabi.lib</file>
         <name>abs.c.obj</name>
      </input_file>
      <input_file id="fl-67">
         <path>C:\CCStudio_v8\ccsv8\tools\compiler\ti-cgt-msp430_18.1.1.LTS\lib\</path>
         <kind>archive</kind>
         <file>rts430_eabi.lib</file>
         <name>lsl64.c.obj</name>
      </input_file>
      <input_file id="fl-68">
         <path>C:\CCStudio_v8\ccsv8\tools\compiler\ti-cgt-msp430_18.1.1.LTS\lib\</path>
         <kind>archive</kind>
         <file>rts430_eabi.lib</file>
         <name>frcmpyd.c.obj</name>
      </input_file>
   </input_file_list>
   <object_component_list>
      <object_component id="oc-162">
         <name>.common:txbuff</name>
         <uninitialized>true</uninitialized>
         <run_address>0x2ba</run_address>
         <size>0x34</size>
      </object_component>
      <object_component id="oc-16d">
         <name>.common:rxbuff</name>
         <uninitialized>true</uninitialized>
         <run_address>0x286</run_address>
         <size>0x34</size>
      </object_component>
      <object_component id="oc-165">
         <name>.common:printbuff</name>
         <uninitialized>true</uninitialized>
         <run_address>0x2ee</run_address>
         <size>0x1a</size>
      </object_component>
      <object_component id="oc-15f">
         <name>.data</name>
         <load_address>0x280</load_address>
         <run_address>0x280</run_address>
         <size>0x6</size>
         <input_file_ref idref="fl-2"/>
      </object_component>
      <object_component id="oc-142">
         <name>.data</name>
         <load_address>0x200</load_address>
         <run_address>0x200</run_address>
         <size>0x34</size>
         <input_file_ref idref="fl-3"/>
      </object_component>
      <object_component id="oc-169">
         <name>.data:rxData</name>
         <load_address>0x270</load_address>
         <run_address>0x270</run_address>
         <size>0x8</size>
         <input_file_ref idref="fl-3"/>
      </object_component>
      <object_component id="oc-166">
         <name>.data:txData</name>
         <load_address>0x278</load_address>
         <run_address>0x278</run_address>
         <size>0x8</size>
         <input_file_ref idref="fl-3"/>
      </object_component>
      <object_component id="oc-14f">
         <name>.data:rThreshold</name>
         <load_address>0x258</load_address>
         <run_address>0x258</run_address>
         <size>0xc</size>
         <input_file_ref idref="fl-3"/>
      </object_component>
      <object_component id="oc-152">
         <name>.data:gThreshold</name>
         <load_address>0x234</load_address>
         <run_address>0x234</run_address>
         <size>0xc</size>
         <input_file_ref idref="fl-3"/>
      </object_component>
      <object_component id="oc-155">
         <name>.data:yThreshold</name>
         <load_address>0x264</load_address>
         <run_address>0x264</run_address>
         <size>0xc</size>
         <input_file_ref idref="fl-3"/>
      </object_component>
      <object_component id="oc-158">
         <name>.data:pThreshold</name>
         <load_address>0x24c</load_address>
         <run_address>0x24c</run_address>
         <size>0xc</size>
         <input_file_ref idref="fl-3"/>
      </object_component>
      <object_component id="oc-15b">
         <name>.data:oThreshold</name>
         <load_address>0x240</load_address>
         <run_address>0x240</run_address>
         <size>0xc</size>
         <input_file_ref idref="fl-3"/>
      </object_component>
      <object_component id="oc-a4">
         <name>.stack</name>
         <uninitialized>true</uninitialized>
         <run_address>0x5b0</run_address>
         <size>0x2</size>
         <input_file_ref idref="fl-36"/>
      </object_component>
      <object_component id="oc-337">
         <name>.stack</name>
         <uninitialized>true</uninitialized>
         <run_address>0x5b0</run_address>
         <size>0x0</size>
      </object_component>
      <object_component id="oc-d4">
         <name>.text:ADC10_ISR</name>
         <load_address>0x8000</load_address>
         <run_address>0x8000</run_address>
         <size>0x652</size>
         <input_file_ref idref="fl-3"/>
      </object_component>
      <object_component id="oc-28f">
         <name>.text:__TI_frcdivd</name>
         <load_address>0x8652</load_address>
         <run_address>0x8652</run_address>
         <size>0x478</size>
         <input_file_ref idref="fl-41"/>
      </object_component>
      <object_component id="oc-220">
         <name>.text:__mspabi_divd</name>
         <load_address>0x8aca</load_address>
         <run_address>0x8aca</run_address>
         <size>0x238</size>
         <input_file_ref idref="fl-3f"/>
      </object_component>
      <object_component id="oc-240">
         <name>.text</name>
         <load_address>0x8d02</load_address>
         <run_address>0x8d02</run_address>
         <size>0x132</size>
         <input_file_ref idref="fl-24"/>
      </object_component>
      <object_component id="oc-1cc">
         <name>.text:Init_UART</name>
         <load_address>0x8e34</load_address>
         <run_address>0x8e34</run_address>
         <size>0x120</size>
         <input_file_ref idref="fl-2"/>
      </object_component>
      <object_component id="oc-17e">
         <name>.text:main</name>
         <load_address>0x8f54</load_address>
         <run_address>0x8f54</run_address>
         <size>0x10e</size>
         <input_file_ref idref="fl-3"/>
      </object_component>
      <object_component id="oc-da">
         <name>.text:USCI0TX_ISR</name>
         <load_address>0x9062</load_address>
         <run_address>0x9062</run_address>
         <size>0xf4</size>
         <input_file_ref idref="fl-3"/>
      </object_component>
      <object_component id="oc-231">
         <name>.text</name>
         <load_address>0x9156</load_address>
         <run_address>0x9156</run_address>
         <size>0xc4</size>
         <input_file_ref idref="fl-27"/>
      </object_component>
      <object_component id="oc-e0">
         <name>.text:USCI0RX_ISR</name>
         <load_address>0x921a</load_address>
         <run_address>0x921a</run_address>
         <size>0xa6</size>
         <input_file_ref idref="fl-3"/>
      </object_component>
      <object_component id="oc-226">
         <name>.text:__mspabi_cvtdf</name>
         <load_address>0x92c0</load_address>
         <run_address>0x92c0</run_address>
         <size>0x8c</size>
         <input_file_ref idref="fl-42"/>
      </object_component>
      <object_component id="oc-21a">
         <name>.text:__mspabi_fltuld</name>
         <load_address>0x934c</load_address>
         <run_address>0x934c</run_address>
         <size>0x8a</size>
         <input_file_ref idref="fl-40"/>
      </object_component>
      <object_component id="oc-2e">
         <name>.text:decompress:lzss:__TI_decompress_lzss</name>
         <load_address>0x93d6</load_address>
         <run_address>0x93d6</run_address>
         <size>0x7c</size>
         <input_file_ref idref="fl-3e"/>
      </object_component>
      <object_component id="oc-236">
         <name>.text</name>
         <load_address>0x9452</load_address>
         <run_address>0x9452</run_address>
         <size>0x68</size>
         <input_file_ref idref="fl-28"/>
      </object_component>
      <object_component id="oc-288">
         <name>.text:l_lsr_const</name>
         <load_address>0x94ba</load_address>
         <run_address>0x94ba</run_address>
         <size>0x5c</size>
         <input_file_ref idref="fl-34"/>
      </object_component>
      <object_component id="oc-1a6">
         <name>.text</name>
         <load_address>0x9516</load_address>
         <run_address>0x9516</run_address>
         <size>0x58</size>
         <input_file_ref idref="fl-22"/>
      </object_component>
      <object_component id="oc-ad">
         <name>.text</name>
         <load_address>0x956e</load_address>
         <run_address>0x956e</run_address>
         <size>0x4c</size>
         <input_file_ref idref="fl-33"/>
      </object_component>
      <object_component id="oc-22c">
         <name>.text</name>
         <load_address>0x95ba</load_address>
         <run_address>0x95ba</run_address>
         <size>0x4a</size>
         <input_file_ref idref="fl-25"/>
      </object_component>
      <object_component id="oc-1df">
         <name>.text:__TI_auto_init_nobinit_nopinit:__TI_auto_init_nobinit_nopinit</name>
         <load_address>0x9604</load_address>
         <run_address>0x9604</run_address>
         <size>0x42</size>
         <input_file_ref idref="fl-37"/>
      </object_component>
      <object_component id="oc-14a">
         <name>.text</name>
         <load_address>0x9646</load_address>
         <run_address>0x9646</run_address>
         <size>0x40</size>
         <input_file_ref idref="fl-21"/>
      </object_component>
      <object_component id="oc-2db">
         <name>.text:l_asr_const</name>
         <load_address>0x9686</load_address>
         <run_address>0x9686</run_address>
         <size>0x3e</size>
         <input_file_ref idref="fl-48"/>
      </object_component>
      <object_component id="oc-283">
         <name>.text:l_lsl_const</name>
         <load_address>0x96c4</load_address>
         <run_address>0x96c4</run_address>
         <size>0x3e</size>
         <input_file_ref idref="fl-32"/>
      </object_component>
      <object_component id="oc-23b">
         <name>.text</name>
         <load_address>0x9702</load_address>
         <run_address>0x9702</run_address>
         <size>0x36</size>
         <input_file_ref idref="fl-26"/>
      </object_component>
      <object_component id="oc-245">
         <name>.text</name>
         <load_address>0x9738</load_address>
         <run_address>0x9738</run_address>
         <size>0x2c</size>
         <input_file_ref idref="fl-1e"/>
      </object_component>
      <object_component id="oc-24a">
         <name>.text</name>
         <load_address>0x9764</load_address>
         <run_address>0x9764</run_address>
         <size>0x2c</size>
         <input_file_ref idref="fl-1f"/>
      </object_component>
      <object_component id="oc-a8">
         <name>.text</name>
         <load_address>0x9790</load_address>
         <run_address>0x9790</run_address>
         <size>0x2c</size>
         <input_file_ref idref="fl-31"/>
      </object_component>
      <object_component id="oc-e6">
         <name>.text:Timer_A</name>
         <load_address>0x97bc</load_address>
         <run_address>0x97bc</run_address>
         <size>0x26</size>
         <input_file_ref idref="fl-3"/>
      </object_component>
      <object_component id="oc-145">
         <name>.text</name>
         <load_address>0x97e2</load_address>
         <run_address>0x97e2</run_address>
         <size>0x26</size>
         <input_file_ref idref="fl-35"/>
      </object_component>
      <object_component id="oc-fe">
         <name>.text:_c_int00_noargs</name>
         <load_address>0x9808</load_address>
         <run_address>0x9808</run_address>
         <size>0x1c</size>
         <input_file_ref idref="fl-36"/>
      </object_component>
      <object_component id="oc-2a4">
         <name>.text</name>
         <load_address>0x9824</load_address>
         <run_address>0x9824</run_address>
         <size>0x16</size>
         <input_file_ref idref="fl-20"/>
      </object_component>
      <object_component id="oc-ec">
         <name>.text:decompress:ZI:__TI_zero_init_nomemset:__TI_zero_init_nomemset</name>
         <load_address>0x983a</load_address>
         <run_address>0x983a</run_address>
         <size>0x14</size>
         <input_file_ref idref="fl-38"/>
      </object_component>
      <object_component id="oc-2cb">
         <name>.text</name>
         <load_address>0x984e</load_address>
         <run_address>0x984e</run_address>
         <size>0x14</size>
         <input_file_ref idref="fl-49"/>
      </object_component>
      <object_component id="oc-34">
         <name>.text:decompress:none:__TI_decompress_none</name>
         <load_address>0x9862</load_address>
         <run_address>0x9862</run_address>
         <size>0x12</size>
         <input_file_ref idref="fl-3d"/>
      </object_component>
      <object_component id="oc-c2">
         <name>.text:memcpy</name>
         <load_address>0x9874</load_address>
         <run_address>0x9874</run_address>
         <size>0x12</size>
         <input_file_ref idref="fl-46"/>
      </object_component>
      <object_component id="oc-b2">
         <name>.text</name>
         <load_address>0x9886</load_address>
         <run_address>0x9886</run_address>
         <size>0x10</size>
         <input_file_ref idref="fl-23"/>
      </object_component>
      <object_component id="oc-cf">
         <name>.text:_isr:__TI_ISR_TRAP</name>
         <load_address>0x9896</load_address>
         <run_address>0x9896</run_address>
         <size>0x8</size>
         <input_file_ref idref="fl-30"/>
      </object_component>
      <object_component id="oc-1d3">
         <name>.text:abort</name>
         <load_address>0x989e</load_address>
         <run_address>0x989e</run_address>
         <size>0x6</size>
         <input_file_ref idref="fl-43"/>
      </object_component>
      <object_component id="oc-178">
         <name>.text:_system_pre_init</name>
         <load_address>0x98a4</load_address>
         <run_address>0x98a4</run_address>
         <size>0x4</size>
         <input_file_ref idref="fl-3b"/>
      </object_component>
      <object_component id="oc-262">
         <name>.text:_system_post_cinit</name>
         <load_address>0x98a8</load_address>
         <run_address>0x98a8</run_address>
         <size>0x2</size>
         <input_file_ref idref="fl-3c"/>
      </object_component>
      <object_component id="oc-336">
         <name>.cinit..data.load</name>
         <load_address>0x98aa</load_address>
         <run_address>0x98aa</run_address>
         <size>0x5d</size>
      </object_component>
      <object_component id="oc-333">
         <name>__TI_handler_table</name>
         <load_address>0x9908</load_address>
         <run_address>0x9908</run_address>
         <size>0x6</size>
      </object_component>
      <object_component id="oc-335">
         <name>.cinit..bss.load</name>
         <load_address>0x990e</load_address>
         <run_address>0x990e</run_address>
         <size>0x4</size>
      </object_component>
      <object_component id="oc-334">
         <name>__TI_cinit_table</name>
         <load_address>0x9912</load_address>
         <run_address>0x9912</run_address>
         <size>0x8</size>
      </object_component>
      <object_component id="oc-3a">
         <name>.int02</name>
         <load_address>0xffe4</load_address>
         <run_address>0xffe4</run_address>
         <size>0x2</size>
         <input_file_ref idref="fl-29"/>
      </object_component>
      <object_component id="oc-3b">
         <name>.int03</name>
         <load_address>0xffe6</load_address>
         <run_address>0xffe6</run_address>
         <size>0x2</size>
         <input_file_ref idref="fl-2a"/>
      </object_component>
      <object_component id="oc-3c">
         <name>.int05</name>
         <load_address>0xffea</load_address>
         <run_address>0xffea</run_address>
         <size>0x2</size>
         <input_file_ref idref="fl-3"/>
      </object_component>
      <object_component id="oc-3d">
         <name>.int06</name>
         <load_address>0xffec</load_address>
         <run_address>0xffec</run_address>
         <size>0x2</size>
         <input_file_ref idref="fl-3"/>
      </object_component>
      <object_component id="oc-3e">
         <name>.int07</name>
         <load_address>0xffee</load_address>
         <run_address>0xffee</run_address>
         <size>0x2</size>
         <input_file_ref idref="fl-3"/>
      </object_component>
      <object_component id="oc-3f">
         <name>.int08</name>
         <load_address>0xfff0</load_address>
         <run_address>0xfff0</run_address>
         <size>0x2</size>
         <input_file_ref idref="fl-2b"/>
      </object_component>
      <object_component id="oc-40">
         <name>.int09</name>
         <load_address>0xfff2</load_address>
         <run_address>0xfff2</run_address>
         <size>0x2</size>
         <input_file_ref idref="fl-3"/>
      </object_component>
      <object_component id="oc-41">
         <name>.int10</name>
         <load_address>0xfff4</load_address>
         <run_address>0xfff4</run_address>
         <size>0x2</size>
         <input_file_ref idref="fl-2c"/>
      </object_component>
      <object_component id="oc-42">
         <name>.int12</name>
         <load_address>0xfff8</load_address>
         <run_address>0xfff8</run_address>
         <size>0x2</size>
         <input_file_ref idref="fl-2d"/>
      </object_component>
      <object_component id="oc-43">
         <name>.int13</name>
         <load_address>0xfffa</load_address>
         <run_address>0xfffa</run_address>
         <size>0x2</size>
         <input_file_ref idref="fl-2e"/>
      </object_component>
      <object_component id="oc-44">
         <name>.int14</name>
         <load_address>0xfffc</load_address>
         <run_address>0xfffc</run_address>
         <size>0x2</size>
         <input_file_ref idref="fl-2f"/>
      </object_component>
      <object_component id="oc-a7">
         <name>.reset</name>
         <load_address>0xfffe</load_address>
         <run_address>0xfffe</run_address>
         <size>0x2</size>
         <input_file_ref idref="fl-36"/>
      </object_component>
      <object_component id="oc-163">
         <name>.debug_info</name>
         <load_address>0x0</load_address>
         <run_address>0x0</run_address>
         <size>0x2bf</size>
         <input_file_ref idref="fl-2"/>
      </object_component>
      <object_component id="oc-160">
         <name>.debug_info</name>
         <load_address>0x2bf</load_address>
         <run_address>0x2bf</run_address>
         <size>0x17f</size>
         <input_file_ref idref="fl-2"/>
      </object_component>
      <object_component id="oc-1cd">
         <name>.debug_info</name>
         <load_address>0x43e</load_address>
         <run_address>0x43e</run_address>
         <size>0x31c</size>
         <input_file_ref idref="fl-2"/>
      </object_component>
      <object_component id="oc-1bb">
         <name>.debug_info</name>
         <load_address>0x75a</load_address>
         <run_address>0x75a</run_address>
         <size>0x26b</size>
         <input_file_ref idref="fl-2"/>
      </object_component>
      <object_component id="oc-bd">
         <name>.debug_info</name>
         <load_address>0x9c5</load_address>
         <run_address>0x9c5</run_address>
         <size>0x84</size>
         <input_file_ref idref="fl-2"/>
      </object_component>
      <object_component id="oc-215">
         <name>.debug_info</name>
         <load_address>0xa49</load_address>
         <run_address>0xa49</run_address>
         <size>0x275</size>
         <input_file_ref idref="fl-2"/>
      </object_component>
      <object_component id="oc-1c0">
         <name>.debug_info</name>
         <load_address>0xcbe</load_address>
         <run_address>0xcbe</run_address>
         <size>0x2c</size>
         <input_file_ref idref="fl-2"/>
      </object_component>
      <object_component id="oc-1ae">
         <name>.debug_info</name>
         <load_address>0xcea</load_address>
         <run_address>0xcea</run_address>
         <size>0x6fa</size>
         <input_file_ref idref="fl-3"/>
      </object_component>
      <object_component id="oc-143">
         <name>.debug_info</name>
         <load_address>0x13e4</load_address>
         <run_address>0x13e4</run_address>
         <size>0x392</size>
         <input_file_ref idref="fl-3"/>
      </object_component>
      <object_component id="oc-16a">
         <name>.debug_info</name>
         <load_address>0x1776</load_address>
         <run_address>0x1776</run_address>
         <size>0xd7</size>
         <input_file_ref idref="fl-3"/>
      </object_component>
      <object_component id="oc-167">
         <name>.debug_info</name>
         <load_address>0x184d</load_address>
         <run_address>0x184d</run_address>
         <size>0xd7</size>
         <input_file_ref idref="fl-3"/>
      </object_component>
      <object_component id="oc-150">
         <name>.debug_info</name>
         <load_address>0x1924</load_address>
         <run_address>0x1924</run_address>
         <size>0xdf</size>
         <input_file_ref idref="fl-3"/>
      </object_component>
      <object_component id="oc-153">
         <name>.debug_info</name>
         <load_address>0x1a03</load_address>
         <run_address>0x1a03</run_address>
         <size>0xdf</size>
         <input_file_ref idref="fl-3"/>
      </object_component>
      <object_component id="oc-156">
         <name>.debug_info</name>
         <load_address>0x1ae2</load_address>
         <run_address>0x1ae2</run_address>
         <size>0xdf</size>
         <input_file_ref idref="fl-3"/>
      </object_component>
      <object_component id="oc-159">
         <name>.debug_info</name>
         <load_address>0x1bc1</load_address>
         <run_address>0x1bc1</run_address>
         <size>0xdf</size>
         <input_file_ref idref="fl-3"/>
      </object_component>
      <object_component id="oc-15c">
         <name>.debug_info</name>
         <load_address>0x1ca0</load_address>
         <run_address>0x1ca0</run_address>
         <size>0xdf</size>
         <input_file_ref idref="fl-3"/>
      </object_component>
      <object_component id="oc-17f">
         <name>.debug_info</name>
         <load_address>0x1d7f</load_address>
         <run_address>0x1d7f</run_address>
         <size>0x13b</size>
         <input_file_ref idref="fl-3"/>
      </object_component>
      <object_component id="oc-db">
         <name>.debug_info</name>
         <load_address>0x1eba</load_address>
         <run_address>0x1eba</run_address>
         <size>0x143</size>
         <input_file_ref idref="fl-3"/>
      </object_component>
      <object_component id="oc-e1">
         <name>.debug_info</name>
         <load_address>0x1ffd</load_address>
         <run_address>0x1ffd</run_address>
         <size>0x143</size>
         <input_file_ref idref="fl-3"/>
      </object_component>
      <object_component id="oc-e7">
         <name>.debug_info</name>
         <load_address>0x2140</load_address>
         <run_address>0x2140</run_address>
         <size>0x138</size>
         <input_file_ref idref="fl-3"/>
      </object_component>
      <object_component id="oc-d5">
         <name>.debug_info</name>
         <load_address>0x2278</load_address>
         <run_address>0x2278</run_address>
         <size>0x169</size>
         <input_file_ref idref="fl-3"/>
      </object_component>
      <object_component id="oc-247">
         <name>.debug_info</name>
         <load_address>0x23e1</load_address>
         <run_address>0x23e1</run_address>
         <size>0x118</size>
         <input_file_ref idref="fl-1e"/>
      </object_component>
      <object_component id="oc-24d">
         <name>.debug_info</name>
         <load_address>0x24f9</load_address>
         <run_address>0x24f9</run_address>
         <size>0x12d</size>
         <input_file_ref idref="fl-1f"/>
      </object_component>
      <object_component id="oc-2a7">
         <name>.debug_info</name>
         <load_address>0x2626</load_address>
         <run_address>0x2626</run_address>
         <size>0x119</size>
         <input_file_ref idref="fl-20"/>
      </object_component>
      <object_component id="oc-14b">
         <name>.debug_info</name>
         <load_address>0x273f</load_address>
         <run_address>0x273f</run_address>
         <size>0x130</size>
         <input_file_ref idref="fl-21"/>
      </object_component>
      <object_component id="oc-1a7">
         <name>.debug_info</name>
         <load_address>0x286f</load_address>
         <run_address>0x286f</run_address>
         <size>0x11b</size>
         <input_file_ref idref="fl-22"/>
      </object_component>
      <object_component id="oc-b5">
         <name>.debug_info</name>
         <load_address>0x298a</load_address>
         <run_address>0x298a</run_address>
         <size>0x126</size>
         <input_file_ref idref="fl-23"/>
      </object_component>
      <object_component id="oc-241">
         <name>.debug_info</name>
         <load_address>0x2ab0</load_address>
         <run_address>0x2ab0</run_address>
         <size>0x119</size>
         <input_file_ref idref="fl-24"/>
      </object_component>
      <object_component id="oc-22e">
         <name>.debug_info</name>
         <load_address>0x2bc9</load_address>
         <run_address>0x2bc9</run_address>
         <size>0x125</size>
         <input_file_ref idref="fl-25"/>
      </object_component>
      <object_component id="oc-23c">
         <name>.debug_info</name>
         <load_address>0x2cee</load_address>
         <run_address>0x2cee</run_address>
         <size>0x122</size>
         <input_file_ref idref="fl-26"/>
      </object_component>
      <object_component id="oc-234">
         <name>.debug_info</name>
         <load_address>0x2e10</load_address>
         <run_address>0x2e10</run_address>
         <size>0x119</size>
         <input_file_ref idref="fl-27"/>
      </object_component>
      <object_component id="oc-237">
         <name>.debug_info</name>
         <load_address>0x2f29</load_address>
         <run_address>0x2f29</run_address>
         <size>0x12d</size>
         <input_file_ref idref="fl-28"/>
      </object_component>
      <object_component id="oc-d0">
         <name>.debug_info</name>
         <load_address>0x3056</load_address>
         <run_address>0x3056</run_address>
         <size>0x107</size>
         <input_file_ref idref="fl-30"/>
      </object_component>
      <object_component id="oc-a9">
         <name>.debug_info</name>
         <load_address>0x315d</load_address>
         <run_address>0x315d</run_address>
         <size>0x118</size>
         <input_file_ref idref="fl-31"/>
      </object_component>
      <object_component id="oc-284">
         <name>.debug_info</name>
         <load_address>0x3275</load_address>
         <run_address>0x3275</run_address>
         <size>0x11e</size>
         <input_file_ref idref="fl-32"/>
      </object_component>
      <object_component id="oc-af">
         <name>.debug_info</name>
         <load_address>0x3393</load_address>
         <run_address>0x3393</run_address>
         <size>0x118</size>
         <input_file_ref idref="fl-33"/>
      </object_component>
      <object_component id="oc-28a">
         <name>.debug_info</name>
         <load_address>0x34ab</load_address>
         <run_address>0x34ab</run_address>
         <size>0x11e</size>
         <input_file_ref idref="fl-34"/>
      </object_component>
      <object_component id="oc-146">
         <name>.debug_info</name>
         <load_address>0x35c9</load_address>
         <run_address>0x35c9</run_address>
         <size>0x119</size>
         <input_file_ref idref="fl-35"/>
      </object_component>
      <object_component id="oc-a5">
         <name>.debug_info</name>
         <load_address>0x36e2</load_address>
         <run_address>0x36e2</run_address>
         <size>0xf5</size>
         <input_file_ref idref="fl-36"/>
      </object_component>
      <object_component id="oc-ff">
         <name>.debug_info</name>
         <load_address>0x37d7</load_address>
         <run_address>0x37d7</run_address>
         <size>0x16f</size>
         <input_file_ref idref="fl-36"/>
      </object_component>
      <object_component id="oc-269">
         <name>.debug_info</name>
         <load_address>0x3946</load_address>
         <run_address>0x3946</run_address>
         <size>0x472</size>
         <input_file_ref idref="fl-37"/>
      </object_component>
      <object_component id="oc-1e0">
         <name>.debug_info</name>
         <load_address>0x3db8</load_address>
         <run_address>0x3db8</run_address>
         <size>0x1d5</size>
         <input_file_ref idref="fl-37"/>
      </object_component>
      <object_component id="oc-2c1">
         <name>.debug_info</name>
         <load_address>0x3f8d</load_address>
         <run_address>0x3f8d</run_address>
         <size>0x39</size>
         <input_file_ref idref="fl-37"/>
      </object_component>
      <object_component id="oc-2d2">
         <name>.debug_info</name>
         <load_address>0x3fc6</load_address>
         <run_address>0x3fc6</run_address>
         <size>0x2c</size>
         <input_file_ref idref="fl-37"/>
      </object_component>
      <object_component id="oc-274">
         <name>.debug_info</name>
         <load_address>0x3ff2</load_address>
         <run_address>0x3ff2</run_address>
         <size>0x2c</size>
         <input_file_ref idref="fl-37"/>
      </object_component>
      <object_component id="oc-2c6">
         <name>.debug_info</name>
         <load_address>0x401e</load_address>
         <run_address>0x401e</run_address>
         <size>0xcd</size>
         <input_file_ref idref="fl-37"/>
      </object_component>
      <object_component id="oc-176">
         <name>.debug_info</name>
         <load_address>0x40eb</load_address>
         <run_address>0x40eb</run_address>
         <size>0x1b4</size>
         <input_file_ref idref="fl-38"/>
      </object_component>
      <object_component id="oc-ee">
         <name>.debug_info</name>
         <load_address>0x429f</load_address>
         <run_address>0x429f</run_address>
         <size>0x1c7</size>
         <input_file_ref idref="fl-38"/>
      </object_component>
      <object_component id="oc-171">
         <name>.debug_info</name>
         <load_address>0x4466</load_address>
         <run_address>0x4466</run_address>
         <size>0x46</size>
         <input_file_ref idref="fl-38"/>
      </object_component>
      <object_component id="oc-135">
         <name>.debug_info</name>
         <load_address>0x44ac</load_address>
         <run_address>0x44ac</run_address>
         <size>0x2c</size>
         <input_file_ref idref="fl-38"/>
      </object_component>
      <object_component id="oc-17b">
         <name>.debug_info</name>
         <load_address>0x44d8</load_address>
         <run_address>0x44d8</run_address>
         <size>0x148</size>
         <input_file_ref idref="fl-3b"/>
      </object_component>
      <object_component id="oc-264">
         <name>.debug_info</name>
         <load_address>0x4620</load_address>
         <run_address>0x4620</run_address>
         <size>0x145</size>
         <input_file_ref idref="fl-3c"/>
      </object_component>
      <object_component id="oc-ce">
         <name>.debug_info</name>
         <load_address>0x4765</load_address>
         <run_address>0x4765</run_address>
         <size>0x175</size>
         <input_file_ref idref="fl-3d"/>
      </object_component>
      <object_component id="oc-35">
         <name>.debug_info</name>
         <load_address>0x48da</load_address>
         <run_address>0x48da</run_address>
         <size>0x1df</size>
         <input_file_ref idref="fl-3d"/>
      </object_component>
      <object_component id="oc-c9">
         <name>.debug_info</name>
         <load_address>0x4ab9</load_address>
         <run_address>0x4ab9</run_address>
         <size>0x46</size>
         <input_file_ref idref="fl-3d"/>
      </object_component>
      <object_component id="oc-13a">
         <name>.debug_info</name>
         <load_address>0x4aff</load_address>
         <run_address>0x4aff</run_address>
         <size>0x2c</size>
         <input_file_ref idref="fl-3d"/>
      </object_component>
      <object_component id="oc-132">
         <name>.debug_info</name>
         <load_address>0x4b2b</load_address>
         <run_address>0x4b2b</run_address>
         <size>0x16b</size>
         <input_file_ref idref="fl-3e"/>
      </object_component>
      <object_component id="oc-2f">
         <name>.debug_info</name>
         <load_address>0x4c96</load_address>
         <run_address>0x4c96</run_address>
         <size>0x287</size>
         <input_file_ref idref="fl-3e"/>
      </object_component>
      <object_component id="oc-b8">
         <name>.debug_info</name>
         <load_address>0x4f1d</load_address>
         <run_address>0x4f1d</run_address>
         <size>0x60</size>
         <input_file_ref idref="fl-3e"/>
      </object_component>
      <object_component id="oc-19a">
         <name>.debug_info</name>
         <load_address>0x4f7d</load_address>
         <run_address>0x4f7d</run_address>
         <size>0x46</size>
         <input_file_ref idref="fl-3e"/>
      </object_component>
      <object_component id="oc-12d">
         <name>.debug_info</name>
         <load_address>0x4fc3</load_address>
         <run_address>0x4fc3</run_address>
         <size>0x39</size>
         <input_file_ref idref="fl-3e"/>
      </object_component>
      <object_component id="oc-29b">
         <name>.debug_info</name>
         <load_address>0x4ffc</load_address>
         <run_address>0x4ffc</run_address>
         <size>0x197</size>
         <input_file_ref idref="fl-3f"/>
      </object_component>
      <object_component id="oc-221">
         <name>.debug_info</name>
         <load_address>0x5193</load_address>
         <run_address>0x5193</run_address>
         <size>0x27f</size>
         <input_file_ref idref="fl-3f"/>
      </object_component>
      <object_component id="oc-296">
         <name>.debug_info</name>
         <load_address>0x5412</load_address>
         <run_address>0x5412</run_address>
         <size>0x94</size>
         <input_file_ref idref="fl-3f"/>
      </object_component>
      <object_component id="oc-28e">
         <name>.debug_info</name>
         <load_address>0x54a6</load_address>
         <run_address>0x54a6</run_address>
         <size>0x160</size>
         <input_file_ref idref="fl-40"/>
      </object_component>
      <object_component id="oc-21b">
         <name>.debug_info</name>
         <load_address>0x5606</load_address>
         <run_address>0x5606</run_address>
         <size>0x1d8</size>
         <input_file_ref idref="fl-40"/>
      </object_component>
      <object_component id="oc-2e1">
         <name>.debug_info</name>
         <load_address>0x57de</load_address>
         <run_address>0x57de</run_address>
         <size>0x167</size>
         <input_file_ref idref="fl-41"/>
      </object_component>
      <object_component id="oc-290">
         <name>.debug_info</name>
         <load_address>0x5945</load_address>
         <run_address>0x5945</run_address>
         <size>0x5c4</size>
         <input_file_ref idref="fl-41"/>
      </object_component>
      <object_component id="oc-29d">
         <name>.debug_info</name>
         <load_address>0x5f09</load_address>
         <run_address>0x5f09</run_address>
         <size>0x15a</size>
         <input_file_ref idref="fl-42"/>
      </object_component>
      <object_component id="oc-227">
         <name>.debug_info</name>
         <load_address>0x6063</load_address>
         <run_address>0x6063</run_address>
         <size>0x1cd</size>
         <input_file_ref idref="fl-42"/>
      </object_component>
      <object_component id="oc-1d5">
         <name>.debug_info</name>
         <load_address>0x6230</load_address>
         <run_address>0x6230</run_address>
         <size>0x117</size>
         <input_file_ref idref="fl-43"/>
      </object_component>
      <object_component id="oc-134">
         <name>.debug_info</name>
         <load_address>0x6347</load_address>
         <run_address>0x6347</run_address>
         <size>0x176</size>
         <input_file_ref idref="fl-46"/>
      </object_component>
      <object_component id="oc-c3">
         <name>.debug_info</name>
         <load_address>0x64bd</load_address>
         <run_address>0x64bd</run_address>
         <size>0x16f</size>
         <input_file_ref idref="fl-46"/>
      </object_component>
      <object_component id="oc-2dd">
         <name>.debug_info</name>
         <load_address>0x662c</load_address>
         <run_address>0x662c</run_address>
         <size>0x11e</size>
         <input_file_ref idref="fl-48"/>
      </object_component>
      <object_component id="oc-2ce">
         <name>.debug_info</name>
         <load_address>0x674a</load_address>
         <run_address>0x674a</run_address>
         <size>0x119</size>
         <input_file_ref idref="fl-49"/>
      </object_component>
      <object_component id="oc-338">
         <name>.debug_info</name>
         <load_address>0x6863</load_address>
         <run_address>0x6863</run_address>
         <size>0x93</size>
      </object_component>
      <object_component id="oc-1ba">
         <name>.debug_line</name>
         <load_address>0x0</load_address>
         <run_address>0x0</run_address>
         <size>0xc0</size>
         <input_file_ref idref="fl-2"/>
      </object_component>
      <object_component id="oc-1b8">
         <name>.debug_line</name>
         <load_address>0xc0</load_address>
         <run_address>0xc0</run_address>
         <size>0x32</size>
         <input_file_ref idref="fl-2"/>
      </object_component>
      <object_component id="oc-1d0">
         <name>.debug_line</name>
         <load_address>0xf2</load_address>
         <run_address>0xf2</run_address>
         <size>0x66</size>
         <input_file_ref idref="fl-2"/>
      </object_component>
      <object_component id="oc-1be">
         <name>.debug_line</name>
         <load_address>0x158</load_address>
         <run_address>0x158</run_address>
         <size>0x75</size>
         <input_file_ref idref="fl-2"/>
      </object_component>
      <object_component id="oc-c0">
         <name>.debug_line</name>
         <load_address>0x1cd</load_address>
         <run_address>0x1cd</run_address>
         <size>0x20</size>
         <input_file_ref idref="fl-2"/>
      </object_component>
      <object_component id="oc-218">
         <name>.debug_line</name>
         <load_address>0x1ed</load_address>
         <run_address>0x1ed</run_address>
         <size>0x79</size>
         <input_file_ref idref="fl-2"/>
      </object_component>
      <object_component id="oc-1c3">
         <name>.debug_line</name>
         <load_address>0x266</load_address>
         <run_address>0x266</run_address>
         <size>0x71</size>
         <input_file_ref idref="fl-2"/>
      </object_component>
      <object_component id="oc-214">
         <name>.debug_line</name>
         <load_address>0x2d7</load_address>
         <run_address>0x2d7</run_address>
         <size>0x6b</size>
         <input_file_ref idref="fl-3"/>
      </object_component>
      <object_component id="oc-1a4">
         <name>.debug_line</name>
         <load_address>0x342</load_address>
         <run_address>0x342</run_address>
         <size>0x54</size>
         <input_file_ref idref="fl-3"/>
      </object_component>
      <object_component id="oc-1c8">
         <name>.debug_line</name>
         <load_address>0x396</load_address>
         <run_address>0x396</run_address>
         <size>0x47</size>
         <input_file_ref idref="fl-3"/>
      </object_component>
      <object_component id="oc-1c6">
         <name>.debug_line</name>
         <load_address>0x3dd</load_address>
         <run_address>0x3dd</run_address>
         <size>0x47</size>
         <input_file_ref idref="fl-3"/>
      </object_component>
      <object_component id="oc-1ad">
         <name>.debug_line</name>
         <load_address>0x424</load_address>
         <run_address>0x424</run_address>
         <size>0x47</size>
         <input_file_ref idref="fl-3"/>
      </object_component>
      <object_component id="oc-1b0">
         <name>.debug_line</name>
         <load_address>0x46b</load_address>
         <run_address>0x46b</run_address>
         <size>0x47</size>
         <input_file_ref idref="fl-3"/>
      </object_component>
      <object_component id="oc-1b2">
         <name>.debug_line</name>
         <load_address>0x4b2</load_address>
         <run_address>0x4b2</run_address>
         <size>0x47</size>
         <input_file_ref idref="fl-3"/>
      </object_component>
      <object_component id="oc-1b4">
         <name>.debug_line</name>
         <load_address>0x4f9</load_address>
         <run_address>0x4f9</run_address>
         <size>0x47</size>
         <input_file_ref idref="fl-3"/>
      </object_component>
      <object_component id="oc-1b6">
         <name>.debug_line</name>
         <load_address>0x540</load_address>
         <run_address>0x540</run_address>
         <size>0x47</size>
         <input_file_ref idref="fl-3"/>
      </object_component>
      <object_component id="oc-182">
         <name>.debug_line</name>
         <load_address>0x587</load_address>
         <run_address>0x587</run_address>
         <size>0xa5</size>
         <input_file_ref idref="fl-3"/>
      </object_component>
      <object_component id="oc-df">
         <name>.debug_line</name>
         <load_address>0x62c</load_address>
         <run_address>0x62c</run_address>
         <size>0xb3</size>
         <input_file_ref idref="fl-3"/>
      </object_component>
      <object_component id="oc-e4">
         <name>.debug_line</name>
         <load_address>0x6df</load_address>
         <run_address>0x6df</run_address>
         <size>0x92</size>
         <input_file_ref idref="fl-3"/>
      </object_component>
      <object_component id="oc-eb">
         <name>.debug_line</name>
         <load_address>0x771</load_address>
         <run_address>0x771</run_address>
         <size>0x6a</size>
         <input_file_ref idref="fl-3"/>
      </object_component>
      <object_component id="oc-d9">
         <name>.debug_line</name>
         <load_address>0x7db</load_address>
         <run_address>0x7db</run_address>
         <size>0x179</size>
         <input_file_ref idref="fl-3"/>
      </object_component>
      <object_component id="oc-249">
         <name>.debug_line</name>
         <load_address>0x954</load_address>
         <run_address>0x954</run_address>
         <size>0x4e</size>
         <input_file_ref idref="fl-1e"/>
      </object_component>
      <object_component id="oc-24b">
         <name>.debug_line</name>
         <load_address>0x9a2</load_address>
         <run_address>0x9a2</run_address>
         <size>0x4d</size>
         <input_file_ref idref="fl-1f"/>
      </object_component>
      <object_component id="oc-2a5">
         <name>.debug_line</name>
         <load_address>0x9ef</load_address>
         <run_address>0x9ef</run_address>
         <size>0x43</size>
         <input_file_ref idref="fl-20"/>
      </object_component>
      <object_component id="oc-14e">
         <name>.debug_line</name>
         <load_address>0xa32</load_address>
         <run_address>0xa32</run_address>
         <size>0x5a</size>
         <input_file_ref idref="fl-21"/>
      </object_component>
      <object_component id="oc-1aa">
         <name>.debug_line</name>
         <load_address>0xa8c</load_address>
         <run_address>0xa8c</run_address>
         <size>0x64</size>
         <input_file_ref idref="fl-22"/>
      </object_component>
      <object_component id="oc-b4">
         <name>.debug_line</name>
         <load_address>0xaf0</load_address>
         <run_address>0xaf0</run_address>
         <size>0x40</size>
         <input_file_ref idref="fl-23"/>
      </object_component>
      <object_component id="oc-244">
         <name>.debug_line</name>
         <load_address>0xb30</load_address>
         <run_address>0xb30</run_address>
         <size>0xbb</size>
         <input_file_ref idref="fl-24"/>
      </object_component>
      <object_component id="oc-22d">
         <name>.debug_line</name>
         <load_address>0xbeb</load_address>
         <run_address>0xbeb</run_address>
         <size>0x5e</size>
         <input_file_ref idref="fl-25"/>
      </object_component>
      <object_component id="oc-23f">
         <name>.debug_line</name>
         <load_address>0xc49</load_address>
         <run_address>0xc49</run_address>
         <size>0x55</size>
         <input_file_ref idref="fl-26"/>
      </object_component>
      <object_component id="oc-233">
         <name>.debug_line</name>
         <load_address>0xc9e</load_address>
         <run_address>0xc9e</run_address>
         <size>0x94</size>
         <input_file_ref idref="fl-27"/>
      </object_component>
      <object_component id="oc-23a">
         <name>.debug_line</name>
         <load_address>0xd32</load_address>
         <run_address>0xd32</run_address>
         <size>0x68</size>
         <input_file_ref idref="fl-28"/>
      </object_component>
      <object_component id="oc-d3">
         <name>.debug_line</name>
         <load_address>0xd9a</load_address>
         <run_address>0xd9a</run_address>
         <size>0x3d</size>
         <input_file_ref idref="fl-30"/>
      </object_component>
      <object_component id="oc-ac">
         <name>.debug_line</name>
         <load_address>0xdd7</load_address>
         <run_address>0xdd7</run_address>
         <size>0x4e</size>
         <input_file_ref idref="fl-31"/>
      </object_component>
      <object_component id="oc-287">
         <name>.debug_line</name>
         <load_address>0xe25</load_address>
         <run_address>0xe25</run_address>
         <size>0x56</size>
         <input_file_ref idref="fl-32"/>
      </object_component>
      <object_component id="oc-b1">
         <name>.debug_line</name>
         <load_address>0xe7b</load_address>
         <run_address>0xe7b</run_address>
         <size>0x5e</size>
         <input_file_ref idref="fl-33"/>
      </object_component>
      <object_component id="oc-289">
         <name>.debug_line</name>
         <load_address>0xed9</load_address>
         <run_address>0xed9</run_address>
         <size>0x65</size>
         <input_file_ref idref="fl-34"/>
      </object_component>
      <object_component id="oc-149">
         <name>.debug_line</name>
         <load_address>0xf3e</load_address>
         <run_address>0xf3e</run_address>
         <size>0x4b</size>
         <input_file_ref idref="fl-35"/>
      </object_component>
      <object_component id="oc-129">
         <name>.debug_line</name>
         <load_address>0xf89</load_address>
         <run_address>0xf89</run_address>
         <size>0x2a</size>
         <input_file_ref idref="fl-36"/>
      </object_component>
      <object_component id="oc-103">
         <name>.debug_line</name>
         <load_address>0xfb3</load_address>
         <run_address>0xfb3</run_address>
         <size>0x46</size>
         <input_file_ref idref="fl-36"/>
      </object_component>
      <object_component id="oc-2c0">
         <name>.debug_line</name>
         <load_address>0xff9</load_address>
         <run_address>0xff9</run_address>
         <size>0xb7</size>
         <input_file_ref idref="fl-37"/>
      </object_component>
      <object_component id="oc-1e4">
         <name>.debug_line</name>
         <load_address>0x10b0</load_address>
         <run_address>0x10b0</run_address>
         <size>0x76</size>
         <input_file_ref idref="fl-37"/>
      </object_component>
      <object_component id="oc-2c4">
         <name>.debug_line</name>
         <load_address>0x1126</load_address>
         <run_address>0x1126</run_address>
         <size>0x2e</size>
         <input_file_ref idref="fl-37"/>
      </object_component>
      <object_component id="oc-2d5">
         <name>.debug_line</name>
         <load_address>0x1154</load_address>
         <run_address>0x1154</run_address>
         <size>0x92</size>
         <input_file_ref idref="fl-37"/>
      </object_component>
      <object_component id="oc-277">
         <name>.debug_line</name>
         <load_address>0x11e6</load_address>
         <run_address>0x11e6</run_address>
         <size>0x8f</size>
         <input_file_ref idref="fl-37"/>
      </object_component>
      <object_component id="oc-2c9">
         <name>.debug_line</name>
         <load_address>0x1275</load_address>
         <run_address>0x1275</run_address>
         <size>0x8b</size>
         <input_file_ref idref="fl-37"/>
      </object_component>
      <object_component id="oc-1ca">
         <name>.debug_line</name>
         <load_address>0x1300</load_address>
         <run_address>0x1300</run_address>
         <size>0x34</size>
         <input_file_ref idref="fl-38"/>
      </object_component>
      <object_component id="oc-f1">
         <name>.debug_line</name>
         <load_address>0x1334</load_address>
         <run_address>0x1334</run_address>
         <size>0x4d</size>
         <input_file_ref idref="fl-38"/>
      </object_component>
      <object_component id="oc-174">
         <name>.debug_line</name>
         <load_address>0x1381</load_address>
         <run_address>0x1381</run_address>
         <size>0x34</size>
         <input_file_ref idref="fl-38"/>
      </object_component>
      <object_component id="oc-138">
         <name>.debug_line</name>
         <load_address>0x13b5</load_address>
         <run_address>0x13b5</run_address>
         <size>0x8a</size>
         <input_file_ref idref="fl-38"/>
      </object_component>
      <object_component id="oc-179">
         <name>.debug_line</name>
         <load_address>0x143f</load_address>
         <run_address>0x143f</run_address>
         <size>0x3e</size>
         <input_file_ref idref="fl-3b"/>
      </object_component>
      <object_component id="oc-267">
         <name>.debug_line</name>
         <load_address>0x147d</load_address>
         <run_address>0x147d</run_address>
         <size>0x3a</size>
         <input_file_ref idref="fl-3c"/>
      </object_component>
      <object_component id="oc-140">
         <name>.debug_line</name>
         <load_address>0x14b7</load_address>
         <run_address>0x14b7</run_address>
         <size>0x20</size>
         <input_file_ref idref="fl-3d"/>
      </object_component>
      <object_component id="oc-38">
         <name>.debug_line</name>
         <load_address>0x14d7</load_address>
         <run_address>0x14d7</run_address>
         <size>0x50</size>
         <input_file_ref idref="fl-3d"/>
      </object_component>
      <object_component id="oc-cc">
         <name>.debug_line</name>
         <load_address>0x1527</load_address>
         <run_address>0x1527</run_address>
         <size>0x3a</size>
         <input_file_ref idref="fl-3d"/>
      </object_component>
      <object_component id="oc-13d">
         <name>.debug_line</name>
         <load_address>0x1561</load_address>
         <run_address>0x1561</run_address>
         <size>0x8a</size>
         <input_file_ref idref="fl-3d"/>
      </object_component>
      <object_component id="oc-1a0">
         <name>.debug_line</name>
         <load_address>0x15eb</load_address>
         <run_address>0x15eb</run_address>
         <size>0x20</size>
         <input_file_ref idref="fl-3e"/>
      </object_component>
      <object_component id="oc-32">
         <name>.debug_line</name>
         <load_address>0x160b</load_address>
         <run_address>0x160b</run_address>
         <size>0x92</size>
         <input_file_ref idref="fl-3e"/>
      </object_component>
      <object_component id="oc-bb">
         <name>.debug_line</name>
         <load_address>0x169d</load_address>
         <run_address>0x169d</run_address>
         <size>0x3a</size>
         <input_file_ref idref="fl-3e"/>
      </object_component>
      <object_component id="oc-19d">
         <name>.debug_line</name>
         <load_address>0x16d7</load_address>
         <run_address>0x16d7</run_address>
         <size>0x92</size>
         <input_file_ref idref="fl-3e"/>
      </object_component>
      <object_component id="oc-130">
         <name>.debug_line</name>
         <load_address>0x1769</load_address>
         <run_address>0x1769</run_address>
         <size>0x8e</size>
         <input_file_ref idref="fl-3e"/>
      </object_component>
      <object_component id="oc-2e3">
         <name>.debug_line</name>
         <load_address>0x17f7</load_address>
         <run_address>0x17f7</run_address>
         <size>0x2d</size>
         <input_file_ref idref="fl-3f"/>
      </object_component>
      <object_component id="oc-225">
         <name>.debug_line</name>
         <load_address>0x1824</load_address>
         <run_address>0x1824</run_address>
         <size>0xec</size>
         <input_file_ref idref="fl-3f"/>
      </object_component>
      <object_component id="oc-299">
         <name>.debug_line</name>
         <load_address>0x1910</load_address>
         <run_address>0x1910</run_address>
         <size>0x2e</size>
         <input_file_ref idref="fl-3f"/>
      </object_component>
      <object_component id="oc-2da">
         <name>.debug_line</name>
         <load_address>0x193e</load_address>
         <run_address>0x193e</run_address>
         <size>0x20</size>
         <input_file_ref idref="fl-40"/>
      </object_component>
      <object_component id="oc-21e">
         <name>.debug_line</name>
         <load_address>0x195e</load_address>
         <run_address>0x195e</run_address>
         <size>0x71</size>
         <input_file_ref idref="fl-40"/>
      </object_component>
      <object_component id="oc-2f6">
         <name>.debug_line</name>
         <load_address>0x19cf</load_address>
         <run_address>0x19cf</run_address>
         <size>0x20</size>
         <input_file_ref idref="fl-41"/>
      </object_component>
      <object_component id="oc-293">
         <name>.debug_line</name>
         <load_address>0x19ef</load_address>
         <run_address>0x19ef</run_address>
         <size>0xdc</size>
         <input_file_ref idref="fl-41"/>
      </object_component>
      <object_component id="oc-2e5">
         <name>.debug_line</name>
         <load_address>0x1acb</load_address>
         <run_address>0x1acb</run_address>
         <size>0x20</size>
         <input_file_ref idref="fl-42"/>
      </object_component>
      <object_component id="oc-22a">
         <name>.debug_line</name>
         <load_address>0x1aeb</load_address>
         <run_address>0x1aeb</run_address>
         <size>0x6c</size>
         <input_file_ref idref="fl-42"/>
      </object_component>
      <object_component id="oc-1d4">
         <name>.debug_line</name>
         <load_address>0x1b57</load_address>
         <run_address>0x1b57</run_address>
         <size>0x3d</size>
         <input_file_ref idref="fl-43"/>
      </object_component>
      <object_component id="oc-1a2">
         <name>.debug_line</name>
         <load_address>0x1b94</load_address>
         <run_address>0x1b94</run_address>
         <size>0x20</size>
         <input_file_ref idref="fl-46"/>
      </object_component>
      <object_component id="oc-c7">
         <name>.debug_line</name>
         <load_address>0x1bb4</load_address>
         <run_address>0x1bb4</run_address>
         <size>0x42</size>
         <input_file_ref idref="fl-46"/>
      </object_component>
      <object_component id="oc-2df">
         <name>.debug_line</name>
         <load_address>0x1bf6</load_address>
         <run_address>0x1bf6</run_address>
         <size>0x56</size>
         <input_file_ref idref="fl-48"/>
      </object_component>
      <object_component id="oc-2cc">
         <name>.debug_line</name>
         <load_address>0x1c4c</load_address>
         <run_address>0x1c4c</run_address>
         <size>0x42</size>
         <input_file_ref idref="fl-49"/>
      </object_component>
      <object_component id="oc-1d1">
         <name>.debug_frame</name>
         <load_address>0x0</load_address>
         <run_address>0x0</run_address>
         <size>0x50</size>
         <input_file_ref idref="fl-2"/>
      </object_component>
      <object_component id="oc-183">
         <name>.debug_frame</name>
         <load_address>0x50</load_address>
         <run_address>0x50</run_address>
         <size>0x40</size>
         <input_file_ref idref="fl-3"/>
      </object_component>
      <object_component id="oc-de">
         <name>.debug_frame</name>
         <load_address>0x90</load_address>
         <run_address>0x90</run_address>
         <size>0x44</size>
         <input_file_ref idref="fl-3"/>
      </object_component>
      <object_component id="oc-e5">
         <name>.debug_frame</name>
         <load_address>0xd4</load_address>
         <run_address>0xd4</run_address>
         <size>0x44</size>
         <input_file_ref idref="fl-3"/>
      </object_component>
      <object_component id="oc-ea">
         <name>.debug_frame</name>
         <load_address>0x118</load_address>
         <run_address>0x118</run_address>
         <size>0x3c</size>
         <input_file_ref idref="fl-3"/>
      </object_component>
      <object_component id="oc-d8">
         <name>.debug_frame</name>
         <load_address>0x154</load_address>
         <run_address>0x154</run_address>
         <size>0x64</size>
         <input_file_ref idref="fl-3"/>
      </object_component>
      <object_component id="oc-102">
         <name>.debug_frame</name>
         <load_address>0x1b8</load_address>
         <run_address>0x1b8</run_address>
         <size>0x34</size>
         <input_file_ref idref="fl-36"/>
      </object_component>
      <object_component id="oc-1e3">
         <name>.debug_frame</name>
         <load_address>0x1ec</load_address>
         <run_address>0x1ec</run_address>
         <size>0x44</size>
         <input_file_ref idref="fl-37"/>
      </object_component>
      <object_component id="oc-ed">
         <name>.debug_frame</name>
         <load_address>0x230</load_address>
         <run_address>0x230</run_address>
         <size>0x3c</size>
         <input_file_ref idref="fl-38"/>
      </object_component>
      <object_component id="oc-17a">
         <name>.debug_frame</name>
         <load_address>0x26c</load_address>
         <run_address>0x26c</run_address>
         <size>0x3c</size>
         <input_file_ref idref="fl-3b"/>
      </object_component>
      <object_component id="oc-266">
         <name>.debug_frame</name>
         <load_address>0x2a8</load_address>
         <run_address>0x2a8</run_address>
         <size>0x3c</size>
         <input_file_ref idref="fl-3c"/>
      </object_component>
      <object_component id="oc-39">
         <name>.debug_frame</name>
         <load_address>0x2e4</load_address>
         <run_address>0x2e4</run_address>
         <size>0x3c</size>
         <input_file_ref idref="fl-3d"/>
      </object_component>
      <object_component id="oc-33">
         <name>.debug_frame</name>
         <load_address>0x320</load_address>
         <run_address>0x320</run_address>
         <size>0x48</size>
         <input_file_ref idref="fl-3e"/>
      </object_component>
      <object_component id="oc-224">
         <name>.debug_frame</name>
         <load_address>0x368</load_address>
         <run_address>0x368</run_address>
         <size>0x68</size>
         <input_file_ref idref="fl-3f"/>
      </object_component>
      <object_component id="oc-21f">
         <name>.debug_frame</name>
         <load_address>0x3d0</load_address>
         <run_address>0x3d0</run_address>
         <size>0x44</size>
         <input_file_ref idref="fl-40"/>
      </object_component>
      <object_component id="oc-294">
         <name>.debug_frame</name>
         <load_address>0x414</load_address>
         <run_address>0x414</run_address>
         <size>0x78</size>
         <input_file_ref idref="fl-41"/>
      </object_component>
      <object_component id="oc-22b">
         <name>.debug_frame</name>
         <load_address>0x48c</load_address>
         <run_address>0x48c</run_address>
         <size>0x44</size>
         <input_file_ref idref="fl-42"/>
      </object_component>
      <object_component id="oc-1d8">
         <name>.debug_frame</name>
         <load_address>0x4d0</load_address>
         <run_address>0x4d0</run_address>
         <size>0x3c</size>
         <input_file_ref idref="fl-43"/>
      </object_component>
      <object_component id="oc-c6">
         <name>.debug_frame</name>
         <load_address>0x50c</load_address>
         <run_address>0x50c</run_address>
         <size>0x3c</size>
         <input_file_ref idref="fl-46"/>
      </object_component>
      <object_component id="oc-1b9">
         <name>.debug_abbrev</name>
         <load_address>0x0</load_address>
         <run_address>0x0</run_address>
         <size>0xc1</size>
         <input_file_ref idref="fl-2"/>
      </object_component>
      <object_component id="oc-1b7">
         <name>.debug_abbrev</name>
         <load_address>0xc1</load_address>
         <run_address>0xc1</run_address>
         <size>0x29</size>
         <input_file_ref idref="fl-2"/>
      </object_component>
      <object_component id="oc-24f">
         <name>.debug_abbrev</name>
         <load_address>0xea</load_address>
         <run_address>0xea</run_address>
         <size>0x7a</size>
         <input_file_ref idref="fl-2"/>
      </object_component>
      <object_component id="oc-1bd">
         <name>.debug_abbrev</name>
         <load_address>0x164</load_address>
         <run_address>0x164</run_address>
         <size>0x69</size>
         <input_file_ref idref="fl-2"/>
      </object_component>
      <object_component id="oc-bf">
[...]
         <name>__mspabi_divi</name>
         <value>0x9764</value>
         <object_component_ref idref="oc-24a"/>
      </symbol>
      <symbol id="sm-1c8">
         <name>__mspabi_remu</name>
         <value>0x9824</value>
         <object_component_ref idref="oc-2a4"/>
      </symbol>
      <symbol id="sm-1c9">
         <name>__mspabi_divu</name>
         <value>0x9824</value>
         <object_component_ref idref="oc-2a4"/>
      </symbol>
      <symbol id="sm-1d5">
         <name>__mspabi_remli</name>
         <value>0x9646</value>
         <object_component_ref idref="oc-14a"/>
      </symbol>
      <symbol id="sm-1d6">
         <name>__mspabi_divli</name>
         <value>0x9646</value>
         <object_component_ref idref="oc-14a"/>
      </symbol>
      <symbol id="sm-1e4">
         <name>__mspabi_remul</name>
         <value>0x9516</value>
         <object_component_ref idref="oc-1a6"/>
      </symbol>
      <symbol id="sm-1e5">
         <name>__mspabi_divul</name>
         <value>0x9516</value>
         <object_component_ref idref="oc-1a6"/>
      </symbol>
      <symbol id="sm-1ee">
         <name>__mspabi_func_epilog_2</name>
         <value>0x9890</value>
         <object_component_ref idref="oc-b2"/>
      </symbol>
      <symbol id="sm-1ef">
         <name>__mspabi_func_epilog_3</name>
         <value>0x988e</value>
         <object_component_ref idref="oc-b2"/>
      </symbol>
      <symbol id="sm-1f0">
         <name>__mspabi_func_epilog_1</name>
         <value>0x9892</value>
         <object_component_ref idref="oc-b2"/>
      </symbol>
      <symbol id="sm-1f1">
         <name>__mspabi_func_epilog_6</name>
         <value>0x9888</value>
         <object_component_ref idref="oc-b2"/>
      </symbol>
      <symbol id="sm-1f2">
         <name>__mspabi_func_epilog_7</name>
         <value>0x9886</value>
         <object_component_ref idref="oc-b2"/>
      </symbol>
      <symbol id="sm-1f3">
         <name>__mspabi_func_epilog_4</name>
         <value>0x988c</value>
         <object_component_ref idref="oc-b2"/>
      </symbol>
      <symbol id="sm-1f4">
         <name>__mspabi_func_epilog_5</name>
         <value>0x988a</value>
         <object_component_ref idref="oc-b2"/>
      </symbol>
      <symbol id="sm-20f">
         <name>__mspabi_subf</name>
         <value>0x8d02</value>
         <object_component_ref idref="oc-240"/>
      </symbol>
      <symbol id="sm-210">
         <name>__mspabi_addf</name>
         <value>0x8d08</value>
         <object_component_ref idref="oc-240"/>
      </symbol>
      <symbol id="sm-220">
         <name>__mspabi_cmpf</name>
         <value>0x95ba</value>
         <object_component_ref idref="oc-22c"/>
      </symbol>
      <symbol id="sm-22d">
         <name>__mspabi_fltif</name>
         <value>0x9702</value>
         <object_component_ref idref="oc-23b"/>
      </symbol>
      <symbol id="sm-244">
         <name>__mspabi_mpyf</name>
         <value>0x9156</value>
         <object_component_ref idref="oc-231"/>
      </symbol>
      <symbol id="sm-256">
         <name>__mspabi_fixfi</name>
         <value>0x9452</value>
         <object_component_ref idref="oc-236"/>
      </symbol>
      <symbol id="sm-259">
         <name>__TI_int02</name>
         <value>0xffe4</value>
         <object_component_ref idref="oc-3a"/>
      </symbol>
      <symbol id="sm-25c">
         <name>__TI_int03</name>
         <value>0xffe6</value>
         <object_component_ref idref="oc-3b"/>
      </symbol>
      <symbol id="sm-25f">
         <name>__TI_int08</name>
         <value>0xfff0</value>
         <object_component_ref idref="oc-3f"/>
      </symbol>
      <symbol id="sm-262">
         <name>__TI_int10</name>
         <value>0xfff4</value>
         <object_component_ref idref="oc-41"/>
      </symbol>
      <symbol id="sm-265">
         <name>__TI_int12</name>
         <value>0xfff8</value>
         <object_component_ref idref="oc-42"/>
      </symbol>
      <symbol id="sm-268">
         <name>__TI_int13</name>
         <value>0xfffa</value>
         <object_component_ref idref="oc-43"/>
      </symbol>
      <symbol id="sm-26b">
         <name>__TI_int14</name>
         <value>0xfffc</value>
         <object_component_ref idref="oc-44"/>
      </symbol>
      <symbol id="sm-273">
         <name>__TI_ISR_TRAP</name>
         <value>0x9896</value>
         <object_component_ref idref="oc-cf"/>
      </symbol>
      <symbol id="sm-27b">
         <name>__mspabi_slli</name>
         <value>0x9790</value>
         <object_component_ref idref="oc-a8"/>
      </symbol>
      <symbol id="sm-27c">
         <name>__mspabi_slli_9</name>
         <value>0x97a8</value>
         <object_component_ref idref="oc-a8"/>
      </symbol>
      <symbol id="sm-27d">
         <name>__mspabi_slli_8</name>
         <value>0x97aa</value>
         <object_component_ref idref="oc-a8"/>
      </symbol>
      <symbol id="sm-27e">
         <name>__mspabi_slli_7</name>
         <value>0x97ac</value>
         <object_component_ref idref="oc-a8"/>
      </symbol>
      <symbol id="sm-27f">
         <name>__mspabi_slli_6</name>
         <value>0x97ae</value>
         <object_component_ref idref="oc-a8"/>
      </symbol>
      <symbol id="sm-280">
         <name>__mspabi_slli_5</name>
         <value>0x97b0</value>
         <object_component_ref idref="oc-a8"/>
      </symbol>
      <symbol id="sm-281">
         <name>__mspabi_slli_4</name>
         <value>0x97b2</value>
         <object_component_ref idref="oc-a8"/>
      </symbol>
      <symbol id="sm-282">
         <name>__mspabi_slli_3</name>
         <value>0x97b4</value>
         <object_component_ref idref="oc-a8"/>
      </symbol>
      <symbol id="sm-283">
         <name>__mspabi_slli_2</name>
         <value>0x97b6</value>
         <object_component_ref idref="oc-a8"/>
      </symbol>
      <symbol id="sm-284">
         <name>__mspabi_slli_1</name>
         <value>0x97b8</value>
         <object_component_ref idref="oc-a8"/>
      </symbol>
      <symbol id="sm-285">
         <name>__mspabi_slli_15</name>
         <value>0x979c</value>
         <object_component_ref idref="oc-a8"/>
      </symbol>
      <symbol id="sm-286">
         <name>__mspabi_slli_14</name>
         <value>0x979e</value>
         <object_component_ref idref="oc-a8"/>
      </symbol>
      <symbol id="sm-287">
         <name>__mspabi_slli_13</name>
         <value>0x97a0</value>
         <object_component_ref idref="oc-a8"/>
      </symbol>
      <symbol id="sm-288">
         <name>__mspabi_slli_12</name>
         <value>0x97a2</value>
         <object_component_ref idref="oc-a8"/>
      </symbol>
      <symbol id="sm-289">
         <name>__mspabi_slli_11</name>
         <value>0x97a4</value>
         <object_component_ref idref="oc-a8"/>
      </symbol>
      <symbol id="sm-28a">
         <name>__mspabi_slli_10</name>
         <value>0x97a6</value>
         <object_component_ref idref="oc-a8"/>
      </symbol>
      <symbol id="sm-292">
         <name>__mspabi_slll_9</name>
         <value>0x96dc</value>
         <object_component_ref idref="oc-283"/>
      </symbol>
      <symbol id="sm-293">
         <name>__mspabi_slll_8</name>
         <value>0x96e0</value>
         <object_component_ref idref="oc-283"/>
      </symbol>
      <symbol id="sm-294">
         <name>__mspabi_slll_7</name>
         <value>0x96e4</value>
         <object_component_ref idref="oc-283"/>
      </symbol>
      <symbol id="sm-295">
         <name>__mspabi_slll_6</name>
         <value>0x96e8</value>
         <object_component_ref idref="oc-283"/>
      </symbol>
      <symbol id="sm-296">
         <name>__mspabi_slll_5</name>
         <value>0x96ec</value>
         <object_component_ref idref="oc-283"/>
      </symbol>
      <symbol id="sm-297">
         <name>__mspabi_slll_4</name>
         <value>0x96f0</value>
         <object_component_ref idref="oc-283"/>
      </symbol>
      <symbol id="sm-298">
         <name>__mspabi_slll_3</name>
         <value>0x96f4</value>
         <object_component_ref idref="oc-283"/>
      </symbol>
      <symbol id="sm-299">
         <name>__mspabi_slll_2</name>
         <value>0x96f8</value>
         <object_component_ref idref="oc-283"/>
      </symbol>
      <symbol id="sm-29a">
         <name>__mspabi_slll_1</name>
         <value>0x96fc</value>
         <object_component_ref idref="oc-283"/>
      </symbol>
      <symbol id="sm-29b">
         <name>__mspabi_slll_15</name>
         <value>0x96c4</value>
         <object_component_ref idref="oc-283"/>
      </symbol>
      <symbol id="sm-29c">
         <name>__mspabi_slll_14</name>
         <value>0x96c8</value>
         <object_component_ref idref="oc-283"/>
      </symbol>
      <symbol id="sm-29d">
         <name>__mspabi_slll_13</name>
         <value>0x96cc</value>
         <object_component_ref idref="oc-283"/>
      </symbol>
      <symbol id="sm-29e">
         <name>__mspabi_slll_12</name>
         <value>0x96d0</value>
         <object_component_ref idref="oc-283"/>
      </symbol>
      <symbol id="sm-29f">
         <name>__mspabi_slll_11</name>
         <value>0x96d4</value>
         <object_component_ref idref="oc-283"/>
      </symbol>
      <symbol id="sm-2a0">
         <name>__mspabi_slll_10</name>
         <value>0x96d8</value>
         <object_component_ref idref="oc-283"/>
      </symbol>
      <symbol id="sm-2a8">
         <name>__mspabi_srli_8</name>
         <value>0x9598</value>
         <object_component_ref idref="oc-ad"/>
      </symbol>
      <symbol id="sm-2a9">
         <name>__mspabi_srli_9</name>
         <value>0x9594</value>
         <object_component_ref idref="oc-ad"/>
      </symbol>
      <symbol id="sm-2aa">
         <name>__mspabi_srli_6</name>
         <value>0x95a0</value>
         <object_component_ref idref="oc-ad"/>
      </symbol>
      <symbol id="sm-2ab">
         <name>__mspabi_srli_7</name>
         <value>0x959c</value>
         <object_component_ref idref="oc-ad"/>
      </symbol>
      <symbol id="sm-2ac">
         <name>__mspabi_srli_4</name>
         <value>0x95a8</value>
         <object_component_ref idref="oc-ad"/>
      </symbol>
      <symbol id="sm-2ad">
         <name>__mspabi_srli_5</name>
         <value>0x95a4</value>
         <object_component_ref idref="oc-ad"/>
      </symbol>
      <symbol id="sm-2ae">
         <name>__mspabi_srli_2</name>
         <value>0x95b0</value>
         <object_component_ref idref="oc-ad"/>
      </symbol>
      <symbol id="sm-2af">
         <name>__mspabi_srli_3</name>
         <value>0x95ac</value>
         <object_component_ref idref="oc-ad"/>
      </symbol>
      <symbol id="sm-2b0">
         <name>__mspabi_srli_1</name>
         <value>0x95b4</value>
         <object_component_ref idref="oc-ad"/>
      </symbol>
      <symbol id="sm-2b1">
         <name>__mspabi_srli</name>
         <value>0x956e</value>
         <object_component_ref idref="oc-ad"/>
      </symbol>
      <symbol id="sm-2b2">
         <name>__mspabi_srli_15</name>
         <value>0x957c</value>
         <object_component_ref idref="oc-ad"/>
      </symbol>
      <symbol id="sm-2b3">
         <name>__mspabi_srli_14</name>
         <value>0x9580</value>
         <object_component_ref idref="oc-ad"/>
      </symbol>
      <symbol id="sm-2b4">
         <name>__mspabi_srli_13</name>
         <value>0x9584</value>
         <object_component_ref idref="oc-ad"/>
      </symbol>
      <symbol id="sm-2b5">
         <name>__mspabi_srli_12</name>
         <value>0x9588</value>
         <object_component_ref idref="oc-ad"/>
      </symbol>
      <symbol id="sm-2b6">
         <name>__mspabi_srli_11</name>
         <value>0x958c</value>
         <object_component_ref idref="oc-ad"/>
      </symbol>
      <symbol id="sm-2b7">
         <name>__mspabi_srli_10</name>
         <value>0x9590</value>
         <object_component_ref idref="oc-ad"/>
      </symbol>
      <symbol id="sm-2bf">
         <name>__mspabi_srll_8</name>
         <value>0x94e4</value>
         <object_component_ref idref="oc-288"/>
      </symbol>
      <symbol id="sm-2c0">
         <name>__mspabi_srll_9</name>
         <value>0x94de</value>
         <object_component_ref idref="oc-288"/>
      </symbol>
      <symbol id="sm-2c1">
         <name>__mspabi_srll_6</name>
         <value>0x94f0</value>
         <object_component_ref idref="oc-288"/>
      </symbol>
      <symbol id="sm-2c2">
         <name>__mspabi_srll_7</name>
         <value>0x94ea</value>
         <object_component_ref idref="oc-288"/>
      </symbol>
      <symbol id="sm-2c3">
         <name>__mspabi_srll_4</name>
         <value>0x94fc</value>
         <object_component_ref idref="oc-288"/>
      </symbol>
      <symbol id="sm-2c4">
         <name>__mspabi_srll_5</name>
         <value>0x94f6</value>
         <object_component_ref idref="oc-288"/>
      </symbol>
      <symbol id="sm-2c5">
         <name>__mspabi_srll_2</name>
         <value>0x9508</value>
         <object_component_ref idref="oc-288"/>
      </symbol>
      <symbol id="sm-2c6">
         <name>__mspabi_srll_3</name>
         <value>0x9502</value>
         <object_component_ref idref="oc-288"/>
      </symbol>
      <symbol id="sm-2c7">
         <name>__mspabi_srll_1</name>
         <value>0x950e</value>
         <object_component_ref idref="oc-288"/>
      </symbol>
      <symbol id="sm-2c8">
         <name>__mspabi_srll_15</name>
         <value>0x94ba</value>
         <object_component_ref idref="oc-288"/>
      </symbol>
      <symbol id="sm-2c9">
         <name>__mspabi_srll_14</name>
         <value>0x94c0</value>
         <object_component_ref idref="oc-288"/>
      </symbol>
      <symbol id="sm-2ca">
         <name>__mspabi_srll_13</name>
         <value>0x94c6</value>
         <object_component_ref idref="oc-288"/>
      </symbol>
      <symbol id="sm-2cb">
         <name>__mspabi_srll_12</name>
         <value>0x94cc</value>
         <object_component_ref idref="oc-288"/>
      </symbol>
      <symbol id="sm-2cc">
         <name>__mspabi_srll_11</name>
         <value>0x94d2</value>
         <object_component_ref idref="oc-288"/>
      </symbol>
      <symbol id="sm-2cd">
         <name>__mspabi_srll_10</name>
         <value>0x94d8</value>
         <object_component_ref idref="oc-288"/>
      </symbol>
      <symbol id="sm-2d7">
         <name>__mspabi_mpyl_sw</name>
         <value>0x97e2</value>
         <object_component_ref idref="oc-145"/>
      </symbol>
      <symbol id="sm-2d8">
         <name>__mspabi_mpyl</name>
         <value>0x97e2</value>
         <object_component_ref idref="oc-145"/>
      </symbol>
      <symbol id="sm-2e8">
         <name>_stack</name>
         <value>0x5b0</value>
         <object_component_ref idref="oc-a4"/>
      </symbol>
      <symbol id="sm-2e9">
         <name>_c_int00_noargs</name>
         <value>0x9808</value>
         <object_component_ref idref="oc-fe"/>
      </symbol>
      <symbol id="sm-2ea">
         <name>_reset_vector</name>
         <value>0xfffe</value>
         <object_component_ref idref="oc-a7"/>
      </symbol>
      <symbol id="sm-30c">
         <name>__TI_auto_init_nobinit_nopinit</name>
         <value>0x9604</value>
         <object_component_ref idref="oc-1df"/>
      </symbol>
      <symbol id="sm-324">
         <name>__TI_zero_init_nomemset</name>
         <value>0x983a</value>
         <object_component_ref idref="oc-ec"/>
      </symbol>
      <symbol id="sm-32f">
         <name>_system_pre_init</name>
         <value>0x98a4</value>
         <object_component_ref idref="oc-178"/>
      </symbol>
      <symbol id="sm-338">
         <name>_system_post_cinit</name>
         <value>0x98a8</value>
         <object_component_ref idref="oc-262"/>
      </symbol>
      <symbol id="sm-34e">
         <name>__TI_decompress_none</name>
         <value>0x9862</value>
         <object_component_ref idref="oc-34"/>
      </symbol>
      <symbol id="sm-371">
         <name>__TI_decompress_lzss</name>
         <value>0x93d6</value>
         <object_component_ref idref="oc-2e"/>
      </symbol>
      <symbol id="sm-397">
         <name>__mspabi_divd</name>
         <value>0x8aca</value>
         <object_component_ref idref="oc-220"/>
      </symbol>
      <symbol id="sm-3ac">
         <name>__mspabi_fltuld</name>
         <value>0x934c</value>
         <object_component_ref idref="oc-21a"/>
      </symbol>
      <symbol id="sm-3c7">
         <name>__TI_frcdivd</name>
         <value>0x8652</value>
         <object_component_ref idref="oc-28f"/>
      </symbol>
      <symbol id="sm-3da">
         <name>__mspabi_cvtdf</name>
         <value>0x92c0</value>
         <object_component_ref idref="oc-226"/>
      </symbol>
      <symbol id="sm-3e4">
         <name>C$$EXIT</name>
         <value>0x989e</value>
         <object_component_ref idref="oc-1d3"/>
      </symbol>
      <symbol id="sm-3e5">
         <name>abort</name>
         <value>0x989e</value>
         <object_component_ref idref="oc-1d3"/>
      </symbol>
      <symbol id="sm-3f5">
         <name>memcpy</name>
         <value>0x9874</value>
         <object_component_ref idref="oc-c2"/>
      </symbol>
      <symbol id="sm-3fe">
         <name>__mspabi_sral_15</name>
         <value>0x9686</value>
         <object_component_ref idref="oc-2db"/>
      </symbol>
      <symbol id="sm-3ff">
         <name>__mspabi_sral_14</name>
         <value>0x968a</value>
         <object_component_ref idref="oc-2db"/>
      </symbol>
      <symbol id="sm-400">
         <name>__mspabi_sral_13</name>
         <value>0x968e</value>
         <object_component_ref idref="oc-2db"/>
      </symbol>
      <symbol id="sm-401">
         <name>__mspabi_sral_12</name>
         <value>0x9692</value>
         <object_component_ref idref="oc-2db"/>
      </symbol>
      <symbol id="sm-402">
         <name>__mspabi_sral_11</name>
         <value>0x9696</value>
         <object_component_ref idref="oc-2db"/>
      </symbol>
      <symbol id="sm-403">
         <name>__mspabi_sral_10</name>
         <value>0x969a</value>
         <object_component_ref idref="oc-2db"/>
      </symbol>
      <symbol id="sm-404">
         <name>__mspabi_sral_8</name>
         <value>0x96a2</value>
         <object_component_ref idref="oc-2db"/>
      </symbol>
      <symbol id="sm-405">
         <name>__mspabi_sral_9</name>
         <value>0x969e</value>
         <object_component_ref idref="oc-2db"/>
      </symbol>
      <symbol id="sm-406">
         <name>__mspabi_sral_6</name>
         <value>0x96aa</value>
         <object_component_ref idref="oc-2db"/>
      </symbol>
      <symbol id="sm-407">
         <name>__mspabi_sral_7</name>
         <value>0x96a6</value>
         <object_component_ref idref="oc-2db"/>
      </symbol>
      <symbol id="sm-408">
         <name>__mspabi_sral_4</name>
         <value>0x96b2</value>
         <object_component_ref idref="oc-2db"/>
      </symbol>
      <symbol id="sm-409">
         <name>__mspabi_sral_5</name>
         <value>0x96ae</value>
         <object_component_ref idref="oc-2db"/>
      </symbol>
      <symbol id="sm-40a">
         <name>__mspabi_sral_2</name>
         <value>0x96ba</value>
         <object_component_ref idref="oc-2db"/>
      </symbol>
      <symbol id="sm-40b">
         <name>__mspabi_sral_3</name>
         <value>0x96b6</value>
         <object_component_ref idref="oc-2db"/>
      </symbol>
      <symbol id="sm-40c">
         <name>__mspabi_sral_1</name>
         <value>0x96be</value>
         <object_component_ref idref="oc-2db"/>
      </symbol>
      <symbol id="sm-416">
         <name>__mspabi_mpyi_sw</name>
         <value>0x984e</value>
         <object_component_ref idref="oc-2cb"/>
      </symbol>
      <symbol id="sm-417">
         <name>__mspabi_mpyi</name>
         <value>0x984e</value>
         <object_component_ref idref="oc-2cb"/>
      </symbol>
   </symbol_table>
   <title>Link successful</title>
</link_info>
