******************************************************************************
                  MSP430 Linker PC v18.1.1                     
******************************************************************************
>> Linked Sun Dec 16 16:37:22 2018

OUTPUT FILE NAME:   <finalProject.out>
ENTRY POINT SYMBOL: "_c_int00_noargs"  address: 00009808


MEMORY CONFIGURATION

         name            origin    length      used     unused   attr    fill
----------------------  --------  ---------  --------  --------  ----  --------
  SFR                   00000000   00000010  00000000  00000010  RWIX
  PERIPHERALS_8BIT      00000010   000000f0  00000000  000000f0  RWIX
  PERIPHERALS_16BIT     00000100   00000100  00000000  00000100  RWIX
  RAM                   00000200   00000400  00000158  000002a8  RWIX
  INFOD                 00001000   00000040  00000000  00000040  RWIX
  INFOC                 00001040   00000040  00000000  00000040  RWIX
  INFOB                 00001080   00000040  00000000  00000040  RWIX
  INFOA                 000010c0   00000040  00000000  00000040  RWIX
  FLASH                 00008000   00007fde  0000191a  000066c4  RWIX
  INT00                 0000ffe0   00000002  00000000  00000002  RWIX
  INT01                 0000ffe2   00000002  00000000  00000002  RWIX
  INT02                 0000ffe4   00000002  00000002  00000000  RWIX
  INT03                 0000ffe6   00000002  00000002  00000000  RWIX
  INT04                 0000ffe8   00000002  00000000  00000002  RWIX
  INT05                 0000ffea   00000002  00000002  00000000  RWIX
  INT06                 0000ffec   00000002  00000002  00000000  RWIX
  INT07                 0000ffee   00000002  00000002  00000000  RWIX
  INT08                 0000fff0   00000002  00000002  00000000  RWIX
  INT09                 0000fff2   00000002  00000002  00000000  RWIX
  INT10                 0000fff4   00000002  00000002  00000000  RWIX
  INT11                 0000fff6   00000002  00000000  00000002  RWIX
  INT12                 0000fff8   00000002  00000002  00000000  RWIX
  INT13                 0000fffa   00000002  00000002  00000000  RWIX
  INT14                 0000fffc   00000002  00000002  00000000  RWIX
  RESET                 0000fffe   00000002  00000002  00000000  RWIX


SECTION ALLOCATION MAP

 output                                  attributes/
section   page    origin      length       input sections
--------  ----  ----------  ----------   ----------------
.data      0    00000200    00000086     UNINITIALIZED
                  00000200    00000034     user_finalProjectCommunication.obj (.data)
                  00000234    0000000c     user_finalProjectCommunication.obj (.data:gThreshold)
                  00000240    0000000c     user_finalProjectCommunication.obj (.data:oThreshold)
                  0000024c    0000000c     user_finalProjectCommunication.obj (.data:pThreshold)
                  00000258    0000000c     user_finalProjectCommunication.obj (.data:rThreshold)
                  00000264    0000000c     user_finalProjectCommunication.obj (.data:yThreshold)
                  00000270    00000008     user_finalProjectCommunication.obj (.data:rxData)
                  00000278    00000008     user_finalProjectCommunication.obj (.data:txData)
                  00000280    00000006     UARTFuncs.obj (.data)

.bss       0    00000286    00000082     UNINITIALIZED
                  00000286    00000034     (.common:rxbuff)
                  000002ba    00000034     (.common:txbuff)
                  000002ee    0000001a     (.common:printbuff)

.stack     0    000005b0    00000050     UNINITIALIZED
                  000005b0    00000002     rts430_eabi.lib : boot.c.obj (.stack)
                  000005b2    0000004e     --HOLE--

.text      0    00008000    000018aa     
                  00008000    00000652     user_finalProjectCommunication.obj (.text:ADC10_ISR)
                  00008652    00000478     rts430_eabi.lib : frcdivd.c.obj (.text:__TI_frcdivd)
                  00008aca    00000238                     : divd.c.obj (.text:__mspabi_divd)
                  00008d02    00000132                     : fs_add.asm.obj (.text)
                  00008e34    00000120     UARTFuncs.obj (.text:Init_UART)
                  00008f54    0000010e     user_finalProjectCommunication.obj (.text:main)
                  00009062    000000f4     user_finalProjectCommunication.obj (.text:USCI0TX_ISR)
                  00009156    000000c4     rts430_eabi.lib : fs_mpy.asm.obj (.text)
                  0000921a    000000a6     user_finalProjectCommunication.obj (.text:USCI0RX_ISR)
                  000092c0    0000008c     rts430_eabi.lib : cvtdf.c.obj (.text:__mspabi_cvtdf)
                  0000934c    0000008a                     : fltuld.c.obj (.text:__mspabi_fltuld)
                  000093d6    0000007c                     : copy_decompress_lzss.c.obj (.text:decompress:lzss:__TI_decompress_lzss)
                  00009452    00000068                     : fs_toi.asm.obj (.text)
                  000094ba    0000005c                     : lsr32.asm.obj (.text:l_lsr_const)
                  00009516    00000058                     : div32u.asm.obj (.text)
                  0000956e    0000004c                     : lsr16.asm.obj (.text)
                  000095ba    0000004a                     : fs_cmp.asm.obj (.text)
                  00009604    00000042                     : autoinit.c.obj (.text:__TI_auto_init_nobinit_nopinit:__TI_auto_init_nobinit_nopinit)
                  00009646    00000040                     : div32s.asm.obj (.text)
                  00009686    0000003e                     : asr32.asm.obj (.text:l_asr_const)
                  000096c4    0000003e                     : lsl32.asm.obj (.text:l_lsl_const)
                  00009702    00000036                     : fs_itof.asm.obj (.text)
                  00009738    0000002c                     : asr16.asm.obj (.text)
                  00009764    0000002c                     : div16s.asm.obj (.text)
                  00009790    0000002c                     : lsl16.asm.obj (.text)
                  000097bc    00000026     user_finalProjectCommunication.obj (.text:Timer_A)
                  000097e2    00000026     rts430_eabi.lib : mult32.asm.obj (.text)
                  00009808    0000001c                     : boot.c.obj (.text:_c_int00_noargs)
                  00009824    00000016                     : div16u.asm.obj (.text)
                  0000983a    00000014                     : copy_zero_init.c.obj (.text:decompress:ZI:__TI_zero_init_nomemset:__TI_zero_init_nomemset)
                  0000984e    00000014                     : mult16.asm.obj (.text)
                  00009862    00000012                     : copy_decompress_none.c.obj (.text:decompress:none:__TI_decompress_none)
                  00009874    00000012                     : memcpy.c.obj (.text:memcpy)
                  00009886    00000010                     : epilog.asm.obj (.text)
                  00009896    00000008                     : isr_trap.asm.obj (.text:_isr:__TI_ISR_TRAP)
                  0000989e    00000006                     : exit.c.obj (.text:abort)
                  000098a4    00000004                     : pre_init.c.obj (.text:_system_pre_init)
                  000098a8    00000002                     : startup.c.obj (.text:_system_post_cinit)

.cinit     0    000098aa    00000070     
                  000098aa    0000005d     (.cinit..data.load) [load image, compression = lzss]
                  00009907    00000001     --HOLE-- [fill = 0]
                  00009908    00000006     (__TI_handler_table)
                  0000990e    00000004     (.cinit..bss.load) [load image, compression = zero_init]
                  00009912    00000008     (__TI_cinit_table)

.init_array 
*          0    00008000    00000000     UNINITIALIZED

PORT1      0    0000ffe4    00000002     
                  0000ffe4    00000002     rts430_eabi.lib : int02.asm.obj (.int02)

PORT2      0    0000ffe6    00000002     
                  0000ffe6    00000002     rts430_eabi.lib : int03.asm.obj (.int03)

ADC10      0    0000ffea    00000002     
                  0000ffea    00000002     user_finalProjectCommunication.obj (.int05)

USCIAB0TX 
*          0    0000ffec    00000002     
                  0000ffec    00000002     user_finalProjectCommunication.obj (.int06)

USCIAB0RX 
*          0    0000ffee    00000002     
                  0000ffee    00000002     user_finalProjectCommunication.obj (.int07)

TIMERA1    0    0000fff0    00000002     
                  0000fff0    00000002     rts430_eabi.lib : int08.asm.obj (.int08)

TIMERA0    0    0000fff2    00000002     
                  0000fff2    00000002     user_finalProjectCommunication.obj (.int09)

WDT        0    0000fff4    00000002     
                  0000fff4    00000002     rts430_eabi.lib : int10.asm.obj (.int10)

TIMERB1    0    0000fff8    00000002     
                  0000fff8    00000002     rts430_eabi.lib : int12.asm.obj (.int12)

TIMERB0    0    0000fffa    00000002     
                  0000fffa    00000002     rts430_eabi.lib : int13.asm.obj (.int13)

NMI        0    0000fffc    00000002     
                  0000fffc    00000002     rts430_eabi.lib : int14.asm.obj (.int14)

.reset     0    0000fffe    00000002     
                  0000fffe    00000002     rts430_eabi.lib : boot.c.obj (.reset)

MODULE SUMMARY

       Module                               code   ro data   rw data
       ------                               ----   -------   -------
    .\
       user_finalProjectCommunication.obj   2336   8         128    
       UARTFuncs.obj                        288    0         136    
    +--+------------------------------------+------+---------+---------+
       Total:                               2624   8         264    
                                                                    
    C:\CCStudio_v8\ccsv8\tools\compiler\ti-cgt-msp430_18.1.1.LTS\lib\rts430_eabi.lib
       frcdivd.c.obj                        1144   0         0      
       divd.c.obj                           568    0         0      
       fs_add.asm.obj                       306    0         0      
       fs_mpy.asm.obj                       196    0         0      
       cvtdf.c.obj                          140    0         0      
       fltuld.c.obj                         138    0         0      
       copy_decompress_lzss.c.obj           124    0         0      
       fs_toi.asm.obj                       104    0         0      
       lsr32.asm.obj                        92     0         0      
       div32u.asm.obj                       88     0         0      
       lsr16.asm.obj                        76     0         0      
       fs_cmp.asm.obj                       74     0         0      
       autoinit.c.obj                       66     0         0      
       div32s.asm.obj                       64     0         0      
       asr32.asm.obj                        62     0         0      
       lsl32.asm.obj                        62     0         0      
       fs_itof.asm.obj                      54     0         0      
       asr16.asm.obj                        44     0         0      
       div16s.asm.obj                       44     0         0      
       lsl16.asm.obj                        44     0         0      
       mult32.asm.obj                       38     0         0      
       boot.c.obj                           28     2         0      
       div16u.asm.obj                       22     0         0      
       copy_zero_init.c.obj                 20     0         0      
       mult16.asm.obj                       20     0         0      
       copy_decompress_none.c.obj           18     0         0      
       memcpy.c.obj                         18     0         0      
       epilog.asm.obj                       16     0         0      
       isr_trap.asm.obj                     8      0         0      
       exit.c.obj                           6      0         0      
       pre_init.c.obj                       4      0         0      
       int02.asm.obj                        0      2         0      
       int03.asm.obj                        0      2         0      
       int08.asm.obj                        0      2         0      
       int10.asm.obj                        0      2         0      
       int12.asm.obj                        0      2         0      
       int13.asm.obj                        0      2         0      
       int14.asm.obj                        0      2         0      
       startup.c.obj                        2      0         0      
    +--+------------------------------------+------+---------+---------+
       Total:                               3690   16        0      
                                                                    
       Stack:                               0      0         80     
       Linker Generated:                    0      111       0      
    +--+------------------------------------+------+---------+---------+
       Grand Total:                         6314   135       344    


LINKER GENERATED COPY TABLES

__TI_cinit_table @ 00009912 records: 2, size/record: 4, table size: 8
	.data: load addr=000098aa, load size=0000005d bytes, run addr=00000200, run size=00000086 bytes, compression=lzss
	.bss: load addr=0000990e, load size=00000004 bytes, run addr=00000286, run size=00000082 bytes, compression=zero_init


LINKER GENERATED HANDLER TABLE

__TI_handler_table @ 00009908 records: 3, size/record: 2, table size: 6
	index: 0, handler: __TI_zero_init
	index: 1, handler: __TI_decompress_lzss
	index: 2, handler: __TI_decompress_none


GLOBAL SYMBOLS: SORTED ALPHABETICALLY BY Name 

address   name                          
-------   ----                          
0000004a  ADC10AE0                      
0000004b  ADC10AE1                      
000001b0  ADC10CTL0                     
000001b2  ADC10CTL1                     
00000048  ADC10DTC0                     
00000049  ADC10DTC1                     
000001b4  ADC10MEM                      
000001bc  ADC10SA                       
00008000  ADC10_ISR                     
00000057  BCSCTL1                       
00000058  BCSCTL2                       
00000053  BCSCTL3                       
0000989e  C$$EXIT                       
000010fb  CALBC1_12MHZ                  
000010f9  CALBC1_16MHZ                  
000010ff  CALBC1_1MHZ                   
000010fd  CALBC1_8MHZ                   
000010fa  CALDCO_12MHZ                  
000010f8  CALDCO_16MHZ                  
000010fe  CALDCO_1MHZ                   
000010fc  CALDCO_8MHZ                   
00000056  DCOCTL                        
00000128  FCTL1                         
0000012a  FCTL2                         
0000012c  FCTL3                         
00000000  IE1                           
00000001  IE2                           
00000002  IFG1                          
00000003  IFG2                          
00008e34  Init_UART                     
00000022  P1DIR                         
00000025  P1IE                          
00000024  P1IES                         
00000023  P1IFG                         
00000020  P1IN                          
00000021  P1OUT                         
00000027  P1REN                         
00000026  P1SEL                         
0000002a  P2DIR                         
0000002d  P2IE                          
0000002c  P2IES                         
0000002b  P2IFG                         
00000028  P2IN                          
00000029  P2OUT                         
0000002f  P2REN                         
0000002e  P2SEL                         
0000001a  P3DIR                         
00000018  P3IN                          
00000019  P3OUT                         
00000010  P3REN                         
0000001b  P3SEL                         
0000001e  P4DIR                         
0000001c  P4IN                          
0000001d  P4OUT                         
00000011  P4REN                         
0000001f  P4SEL                         
00000172  TACCR0                        
00000174  TACCR1                        
00000176  TACCR2                        
00000162  TACCTL0                       
00000164  TACCTL1                       
00000166  TACCTL2                       
00000160  TACTL                         
0000012e  TAIV                          
00000170  TAR                           
00000192  TBCCR0                        
00000194  TBCCR1                        
00000196  TBCCR2                        
00000182  TBCCTL0                       
00000184  TBCCTL1                       
00000186  TBCCTL2                       
00000180  TBCTL                         
0000011e  TBIV                          
00000190  TBR                           
000097bc  Timer_A                       
00000285  UART_flag                     
0000005d  UCA0ABCTL                     
00000062  UCA0BR0                       
00000063  UCA0BR1                       
00000060  UCA0CTL0                      
00000061  UCA0CTL1                      
0000005f  UCA0IRRCTL                    
0000005e  UCA0IRTCTL                    
00000064  UCA0MCTL                      
00000066  UCA0RXBUF                     
00000065  UCA0STAT                      
00000067  UCA0TXBUF                     
0000006a  UCB0BR0                       
0000006b  UCB0BR1                       
00000068  UCB0CTL0                      
00000069  UCB0CTL1                      
0000006c  UCB0I2CIE                     
00000118  UCB0I2COA                     
0000011a  UCB0I2CSA                     
0000006e  UCB0RXBUF                     
0000006d  UCB0STAT                      
0000006f  UCB0TXBUF                     
0000921a  USCI0RX_ISR                   
00009062  USCI0TX_ISR                   
00000120  WDTCTL                        
00000600  __STACK_END                   
00000050  __STACK_SIZE                  
00009912  __TI_CINIT_Base               
0000991a  __TI_CINIT_Limit              
00009908  __TI_Handler_Table_Base       
0000990e  __TI_Handler_Table_Limit      
00009896  __TI_ISR_TRAP                 
00009604  __TI_auto_init_nobinit_nopinit
000093d6  __TI_decompress_lzss          
00009862  __TI_decompress_none          
00008652  __TI_frcdivd                  
0000ffe4  __TI_int02                    
0000ffe6  __TI_int03                    
0000ffea  __TI_int05                    
0000ffec  __TI_int06                    
0000ffee  __TI_int07                    
0000fff0  __TI_int08                    
0000fff2  __TI_int09                    
0000fff4  __TI_int10                    
0000fff8  __TI_int12                    
0000fffa  __TI_int13                    
0000fffc  __TI_int14                    
ffffffff  __TI_pprof_out_hndl           
ffffffff  __TI_prof_data_size           
ffffffff  __TI_prof_data_start          
0000983a  __TI_zero_init_nomemset       
ffffffff  __c_args__                    
00008d08  __mspabi_addf                 
000095ba  __mspabi_cmpf                 
000092c0  __mspabi_cvtdf                
00008aca  __mspabi_divd                 
00009764  __mspabi_divi                 
00009646  __mspabi_divli                
00009824  __mspabi_divu                 
00009516  __mspabi_divul                
00009452  __mspabi_fixfi                
00009702  __mspabi_fltif                
0000934c  __mspabi_fltuld               
00009892  __mspabi_func_epilog_1        
00009890  __mspabi_func_epilog_2        
0000988e  __mspabi_func_epilog_3        
0000988c  __mspabi_func_epilog_4        
0000988a  __mspabi_func_epilog_5        
00009888  __mspabi_func_epilog_6        
00009886  __mspabi_func_epilog_7        
00009156  __mspabi_mpyf                 
0000984e  __mspabi_mpyi                 
0000984e  __mspabi_mpyi_sw              
000097e2  __mspabi_mpyl                 
000097e2  __mspabi_mpyl_sw              
00009764  __mspabi_remi                 
00009646  __mspabi_remli                
00009824  __mspabi_remu                 
00009516  __mspabi_remul                
00009790  __mspabi_slli                 
000097b8  __mspabi_slli_1               
000097a6  __mspabi_slli_10              
000097a4  __mspabi_slli_11              
000097a2  __mspabi_slli_12              
000097a0  __mspabi_slli_13              
0000979e  __mspabi_slli_14              
0000979c  __mspabi_slli_15              
000097b6  __mspabi_slli_2               
000097b4  __mspabi_slli_3               
000097b2  __mspabi_slli_4               
000097b0  __mspabi_slli_5               
000097ae  __mspabi_slli_6               
000097ac  __mspabi_slli_7               
000097aa  __mspabi_slli_8               
000097a8  __mspabi_slli_9               
000096fc  __mspabi_slll_1               
000096d8  __mspabi_slll_10              
000096d4  __mspabi_slll_11              
000096d0  __mspabi_slll_12              
000096cc  __mspabi_slll_13              
000096c8  __mspabi_slll_14              
000096c4  __mspabi_slll_15              
000096f8  __mspabi_slll_2               
000096f4  __mspabi_slll_3               
000096f0  __mspabi_slll_4               
000096ec  __mspabi_slll_5               
000096e8  __mspabi_slll_6               
000096e4  __mspabi_slll_7               
000096e0  __mspabi_slll_8               
000096dc  __mspabi_slll_9               
00009738  __mspabi_srai                 
00009760  __mspabi_srai_1               
0000974e  __mspabi_srai_10              
0000974c  __mspabi_srai_11              
0000974a  __mspabi_srai_12              
00009748  __mspabi_srai_13              
00009746  __mspabi_srai_14              
00009744  __mspabi_srai_15              
0000975e  __mspabi_srai_2               
0000975c  __mspabi_srai_3               
0000975a  __mspabi_srai_4               
00009758  __mspabi_srai_5               
00009756  __mspabi_srai_6               
00009754  __mspabi_srai_7               
00009752  __mspabi_srai_8               
00009750  __mspabi_srai_9               
000096be  __mspabi_sral_1               
0000969a  __mspabi_sral_10              
00009696  __mspabi_sral_11              
00009692  __mspabi_sral_12              
0000968e  __mspabi_sral_13              
0000968a  __mspabi_sral_14              
00009686  __mspabi_sral_15              
000096ba  __mspabi_sral_2               
000096b6  __mspabi_sral_3               
000096b2  __mspabi_sral_4               
000096ae  __mspabi_sral_5               
000096aa  __mspabi_sral_6               
000096a6  __mspabi_sral_7               
000096a2  __mspabi_sral_8               
0000969e  __mspabi_sral_9               
0000956e  __mspabi_srli                 
000095b4  __mspabi_srli_1               
00009590  __mspabi_srli_10              
0000958c  __mspabi_srli_11              
00009588  __mspabi_srli_12              
00009584  __mspabi_srli_13              
00009580  __mspabi_srli_14              
0000957c  __mspabi_srli_15              
000095b0  __mspabi_srli_2               
000095ac  __mspabi_srli_3               
000095a8  __mspabi_srli_4               
000095a4  __mspabi_srli_5               
000095a0  __mspabi_srli_6               
0000959c  __mspabi_srli_7               
00009598  __mspabi_srli_8               
00009594  __mspabi_srli_9               
0000950e  __mspabi_srll_1               
000094d8  __mspabi_srll_10              
000094d2  __mspabi_srll_11              
000094cc  __mspabi_srll_12              
000094c6  __mspabi_srll_13              
000094c0  __mspabi_srll_14              
000094ba  __mspabi_srll_15              
00009508  __mspabi_srll_2               
00009502  __mspabi_srll_3               
000094fc  __mspabi_srll_4               
000094f6  __mspabi_srll_5               
000094f0  __mspabi_srll_6               
000094ea  __mspabi_srll_7               
000094e4  __mspabi_srll_8               
000094de  __mspabi_srll_9               
00008d02  __mspabi_subf                 
00009808  _c_int00_noargs               
0000fffe  _reset_vector                 
000005b0  _stack                        
000098a8  _system_post_cinit            
000098a4  _system_pre_init              
0000989e  abort                         
00000214  adcVal                        
0000021e  bVolt                         
00000282  currentindex                  
00000226  dataNum                       
00000280  donesending                   
00000208  fastcnt                       
00000234  gThreshold                    
00000222  gVolt                         
0000020e  i                             
00000230  locLower                      
0000022e  locUpper                      
00008f54  main                          
00009874  memcpy                        
00000200  msgindex                      
00000210  nBlob                         
00000212  nSorted                       
00000203  newmsg                        
00000204  newprint                      
00000240  oThreshold                    
0000024c  pThreshold                    
000002ee  printbuff                     
00000284  printf_flag                   
00000258  rThreshold                    
0000021a  rVolt                         
00000270  rxData                        
00000286  rxbuff                        
00000283  senddone                      
00000228  skittleColor                  
0000020c  sortAttempt                   
00000202  started                       
00000232  state                         
0000020a  stateCnt                      
0000022a  threshold                     
0000022c  time                          
00000206  timecnt                       
00000278  txData                        
000002ba  txbuff                        
00000281  txcount                       
00000201  txindex                       
00000216  vAdc                          
00000264  yThreshold                    


GLOBAL SYMBOLS: SORTED BY Symbol Address 

address   name                          
-------   ----                          
00000000  IE1                           
00000001  IE2                           
00000002  IFG1                          
00000003  IFG2                          
00000010  P3REN                         
00000011  P4REN                         
00000018  P3IN                          
00000019  P3OUT                         
0000001a  P3DIR                         
0000001b  P3SEL                         
0000001c  P4IN                          
0000001d  P4OUT                         
0000001e  P4DIR                         
0000001f  P4SEL                         
00000020  P1IN                          
00000021  P1OUT                         
00000022  P1DIR                         
00000023  P1IFG                         
00000024  P1IES                         
00000025  P1IE                          
00000026  P1SEL                         
00000027  P1REN                         
00000028  P2IN                          
00000029  P2OUT                         
0000002a  P2DIR                         
0000002b  P2IFG                         
0000002c  P2IES                         
0000002d  P2IE                          
0000002e  P2SEL                         
0000002f  P2REN                         
00000048  ADC10DTC0                     
00000049  ADC10DTC1                     
0000004a  ADC10AE0                      
0000004b  ADC10AE1                      
00000050  __STACK_SIZE                  
00000053  BCSCTL3                       
00000056  DCOCTL                        
00000057  BCSCTL1                       
00000058  BCSCTL2                       
0000005d  UCA0ABCTL                     
0000005e  UCA0IRTCTL                    
0000005f  UCA0IRRCTL                    
00000060  UCA0CTL0                      
00000061  UCA0CTL1                      
00000062  UCA0BR0                       
00000063  UCA0BR1                       
00000064  UCA0MCTL                      
00000065  UCA0STAT                      
00000066  UCA0RXBUF                     
00000067  UCA0TXBUF                     
00000068  UCB0CTL0                      
00000069  UCB0CTL1                      
0000006a  UCB0BR0                       
0000006b  UCB0BR1                       
0000006c  UCB0I2CIE                     
0000006d  UCB0STAT                      
0000006e  UCB0RXBUF                     
0000006f  UCB0TXBUF                     
00000118  UCB0I2COA                     
0000011a  UCB0I2CSA                     
0000011e  TBIV                          
00000120  WDTCTL                        
00000128  FCTL1                         
0000012a  FCTL2                         
0000012c  FCTL3                         
0000012e  TAIV                          
00000160  TACTL                         
00000162  TACCTL0                       
00000164  TACCTL1                       
00000166  TACCTL2                       
00000170  TAR                           
00000172  TACCR0                        
00000174  TACCR1                        
00000176  TACCR2                        
00000180  TBCTL                         
00000182  TBCCTL0                       
00000184  TBCCTL1                       
00000186  TBCCTL2                       
00000190  TBR                           
00000192  TBCCR0                        
00000194  TBCCR1                        
00000196  TBCCR2                        
000001b0  ADC10CTL0                     
000001b2  ADC10CTL1                     
000001b4  ADC10MEM                      
000001bc  ADC10SA                       
00000200  msgindex                      
00000201  txindex                       
00000202  started                       
00000203  newmsg                        
00000204  newprint                      
00000206  timecnt                       
00000208  fastcnt                       
0000020a  stateCnt                      
0000020c  sortAttempt                   
0000020e  i                             
00000210  nBlob                         
00000212  nSorted                       
00000214  adcVal                        
00000216  vAdc                          
0000021a  rVolt                         
0000021e  bVolt                         
00000222  gVolt                         
00000226  dataNum                       
00000228  skittleColor                  
0000022a  threshold                     
0000022c  time                          
0000022e  locUpper                      
00000230  locLower                      
00000232  state                         
00000234  gThreshold                    
00000240  oThreshold                    
0000024c  pThreshold                    
00000258  rThreshold                    
00000264  yThreshold                    
00000270  rxData                        
00000278  txData                        
00000280  donesending                   
00000281  txcount                       
00000282  currentindex                  
00000283  senddone                      
00000284  printf_flag                   
00000285  UART_flag                     
00000286  rxbuff                        
000002ba  txbuff                        
000002ee  printbuff                     
000005b0  _stack                        
00000600  __STACK_END                   
000010f8  CALDCO_16MHZ                  
000010f9  CALBC1_16MHZ                  
000010fa  CALDCO_12MHZ                  
000010fb  CALBC1_12MHZ                  
000010fc  CALDCO_8MHZ                   
000010fd  CALBC1_8MHZ                   
000010fe  CALDCO_1MHZ                   
000010ff  CALBC1_1MHZ                   
00008000  ADC10_ISR                     
00008652  __TI_frcdivd                  
00008aca  __mspabi_divd                 
00008d02  __mspabi_subf                 
00008d08  __mspabi_addf                 
00008e34  Init_UART                     
00008f54  main                          
00009062  USCI0TX_ISR                   
00009156  __mspabi_mpyf                 
0000921a  USCI0RX_ISR                   
000092c0  __mspabi_cvtdf                
0000934c  __mspabi_fltuld               
000093d6  __TI_decompress_lzss          
00009452  __mspabi_fixfi                
000094ba  __mspabi_srll_15              
000094c0  __mspabi_srll_14              
000094c6  __mspabi_srll_13              
000094cc  __mspabi_srll_12              
000094d2  __mspabi_srll_11              
000094d8  __mspabi_srll_10              
000094de  __mspabi_srll_9               
000094e4  __mspabi_srll_8               
000094ea  __mspabi_srll_7               
000094f0  __mspabi_srll_6               
000094f6  __mspabi_srll_5               
000094fc  __mspabi_srll_4               
00009502  __mspabi_srll_3               
00009508  __mspabi_srll_2               
0000950e  __mspabi_srll_1               
00009516  __mspabi_divul                
00009516  __mspabi_remul                
0000956e  __mspabi_srli                 
0000957c  __mspabi_srli_15              
00009580  __mspabi_srli_14              
00009584  __mspabi_srli_13              
00009588  __mspabi_srli_12              
0000958c  __mspabi_srli_11              
00009590  __mspabi_srli_10              
00009594  __mspabi_srli_9               
00009598  __mspabi_srli_8               
0000959c  __mspabi_srli_7               
000095a0  __mspabi_srli_6               
000095a4  __mspabi_srli_5               
000095a8  __mspabi_srli_4               
000095ac  __mspabi_srli_3               
000095b0  __mspabi_srli_2               
000095b4  __mspabi_srli_1               
000095ba  __mspabi_cmpf                 
00009604  __TI_auto_init_nobinit_nopinit
00009646  __mspabi_divli                
00009646  __mspabi_remli                
00009686  __mspabi_sral_15              
0000968a  __mspabi_sral_14              
0000968e  __mspabi_sral_13              
00009692  __mspabi_sral_12              
00009696  __mspabi_sral_11              
0000969a  __mspabi_sral_10              
0000969e  __mspabi_sral_9               
000096a2  __mspabi_sral_8               
000096a6  __mspabi_sral_7               
000096aa  __mspabi_sral_6               
000096ae  __mspabi_sral_5               
000096b2  __mspabi_sral_4               
000096b6  __mspabi_sral_3               
000096ba  __mspabi_sral_2               
000096be  __mspabi_sral_1               
000096c4  __mspabi_slll_15              
000096c8  __mspabi_slll_14              
000096cc  __mspabi_slll_13              
000096d0  __mspabi_slll_12              
000096d4  __mspabi_slll_11              
000096d8  __mspabi_slll_10              
000096dc  __mspabi_slll_9               
000096e0  __mspabi_slll_8               
000096e4  __mspabi_slll_7               
000096e8  __mspabi_slll_6               
000096ec  __mspabi_slll_5               
000096f0  __mspabi_slll_4               
000096f4  __mspabi_slll_3               
000096f8  __mspabi_slll_2               
000096fc  __mspabi_slll_1               
00009702  __mspabi_fltif                
00009738  __mspabi_srai                 
00009744  __mspabi_srai_15              
00009746  __mspabi_srai_14              
00009748  __mspabi_srai_13              
0000974a  __mspabi_srai_12              
0000974c  __mspabi_srai_11              
0000974e  __mspabi_srai_10              
00009750  __mspabi_srai_9               
00009752  __mspabi_srai_8               
00009754  __mspabi_srai_7               
00009756  __mspabi_srai_6               
00009758  __mspabi_srai_5               
0000975a  __mspabi_srai_4               
0000975c  __mspabi_srai_3               
0000975e  __mspabi_srai_2               
00009760  __mspabi_srai_1               
00009764  __mspabi_divi                 
00009764  __mspabi_remi                 
00009790  __mspabi_slli                 
0000979c  __mspabi_slli_15              
0000979e  __mspabi_slli_14              
000097a0  __mspabi_slli_13              
000097a2  __mspabi_slli_12              
000097a4  __mspabi_slli_11              
000097a6  __mspabi_slli_10              
000097a8  __mspabi_slli_9               
000097aa  __mspabi_slli_8               
000097ac  __mspabi_slli_7               
000097ae  __mspabi_slli_6               
000097b0  __mspabi_slli_5               
000097b2  __mspabi_slli_4               
000097b4  __mspabi_slli_3               
000097b6  __mspabi_slli_2               
000097b8  __mspabi_slli_1               
000097bc  Timer_A                       
000097e2  __mspabi_mpyl                 
000097e2  __mspabi_mpyl_sw              
00009808  _c_int00_noargs               
00009824  __mspabi_divu                 
00009824  __mspabi_remu                 
0000983a  __TI_zero_init_nomemset       
0000984e  __mspabi_mpyi                 
0000984e  __mspabi_mpyi_sw              
00009862  __TI_decompress_none          
00009874  memcpy                        
00009886  __mspabi_func_epilog_7        
00009888  __mspabi_func_epilog_6        
0000988a  __mspabi_func_epilog_5        
0000988c  __mspabi_func_epilog_4        
0000988e  __mspabi_func_epilog_3        
00009890  __mspabi_func_epilog_2        
00009892  __mspabi_func_epilog_1        
00009896  __TI_ISR_TRAP                 
0000989e  C$$EXIT                       
0000989e  abort                         
000098a4  _system_pre_init              
000098a8  _system_post_cinit            
00009908  __TI_Handler_Table_Base       
0000990e  __TI_Handler_Table_Limit      
00009912  __TI_CINIT_Base               
0000991a  __TI_CINIT_Limit              
0000ffe4  __TI_int02                    
0000ffe6  __TI_int03                    
0000ffea  __TI_int05                    
0000ffec  __TI_int06                    
0000ffee  __TI_int07                    
0000fff0  __TI_int08                    
0000fff2  __TI_int09                    
0000fff4  __TI_int10                    
0000fff8  __TI_int12                    
0000fffa  __TI_int13                    
0000fffc  __TI_int14                    
0000fffe  _reset_vector                 
ffffffff  __TI_pprof_out_hndl           
ffffffff  __TI_prof_data_size           
ffffffff  __TI_prof_data_start          
ffffffff  __c_args__                    

[295 symbols]
